Archive member included to satisfy reference by file (symbol)

c:/program files (x86)/atmel/studio/7.0/toolchain/arm/arm-gnu-toolchain/bin/../lib/gcc/arm-none-eabi/6.3.1/thumb/v7e-m\libgcc.a(_arm_addsubdf3.o)
                              src/main.o (__aeabi_dadd)
c:/program files (x86)/atmel/studio/7.0/toolchain/arm/arm-gnu-toolchain/bin/../lib/gcc/arm-none-eabi/6.3.1/thumb/v7e-m\libgcc.a(_arm_muldivdf3.o)
                              src/main.o (__aeabi_dmul)
c:/program files (x86)/atmel/studio/7.0/toolchain/arm/arm-gnu-toolchain/bin/../lib/gcc/arm-none-eabi/6.3.1/../../../../arm-none-eabi/lib/thumb/v7e-m\libc.a(lib_a-exit.o)
                              c:/program files (x86)/atmel/studio/7.0/toolchain/arm/arm-gnu-toolchain/bin/../lib/gcc/arm-none-eabi/6.3.1/../../../../arm-none-eabi/lib/thumb/v7e-m/crt0.o (exit)
c:/program files (x86)/atmel/studio/7.0/toolchain/arm/arm-gnu-toolchain/bin/../lib/gcc/arm-none-eabi/6.3.1/../../../../arm-none-eabi/lib/thumb/v7e-m\libc.a(lib_a-impure.o)
                              c:/program files (x86)/atmel/studio/7.0/toolchain/arm/arm-gnu-toolchain/bin/../lib/gcc/arm-none-eabi/6.3.1/../../../../arm-none-eabi/lib/thumb/v7e-m\libc.a(lib_a-exit.o) (_global_impure_ptr)
c:/program files (x86)/atmel/studio/7.0/toolchain/arm/arm-gnu-toolchain/bin/../lib/gcc/arm-none-eabi/6.3.1/../../../../arm-none-eabi/lib/thumb/v7e-m\libc.a(lib_a-init.o)
                              c:/program files (x86)/atmel/studio/7.0/toolchain/arm/arm-gnu-toolchain/bin/../lib/gcc/arm-none-eabi/6.3.1/../../../../arm-none-eabi/lib/thumb/v7e-m/crt0.o (__libc_init_array)
c:/program files (x86)/atmel/studio/7.0/toolchain/arm/arm-gnu-toolchain/bin/../lib/gcc/arm-none-eabi/6.3.1/../../../../arm-none-eabi/lib/thumb/v7e-m\libc.a(lib_a-memset.o)
                              c:/program files (x86)/atmel/studio/7.0/toolchain/arm/arm-gnu-toolchain/bin/../lib/gcc/arm-none-eabi/6.3.1/../../../../arm-none-eabi/lib/thumb/v7e-m/crt0.o (memset)
c:/program files (x86)/atmel/studio/7.0/toolchain/arm/arm-gnu-toolchain/bin/../lib/gcc/arm-none-eabi/6.3.1/../../../../arm-none-eabi/lib/thumb/v7e-m\libc.a(lib_a-sprintf.o)
                              src/main.o (sprintf)
c:/program files (x86)/atmel/studio/7.0/toolchain/arm/arm-gnu-toolchain/bin/../lib/gcc/arm-none-eabi/6.3.1/../../../../arm-none-eabi/lib/thumb/v7e-m\libc.a(lib_a-svfprintf.o)
                              c:/program files (x86)/atmel/studio/7.0/toolchain/arm/arm-gnu-toolchain/bin/../lib/gcc/arm-none-eabi/6.3.1/../../../../arm-none-eabi/lib/thumb/v7e-m\libc.a(lib_a-sprintf.o) (_svfprintf_r)
c:/program files (x86)/atmel/studio/7.0/toolchain/arm/arm-gnu-toolchain/bin/../lib/gcc/arm-none-eabi/6.3.1/../../../../arm-none-eabi/lib/thumb/v7e-m\libc.a(lib_a-__call_atexit.o)
                              c:/program files (x86)/atmel/studio/7.0/toolchain/arm/arm-gnu-toolchain/bin/../lib/gcc/arm-none-eabi/6.3.1/../../../../arm-none-eabi/lib/thumb/v7e-m\libc.a(lib_a-exit.o) (__call_exitprocs)
c:/program files (x86)/atmel/studio/7.0/toolchain/arm/arm-gnu-toolchain/bin/../lib/gcc/arm-none-eabi/6.3.1/../../../../arm-none-eabi/lib/thumb/v7e-m\libc.a(lib_a-atexit.o)
                              c:/program files (x86)/atmel/studio/7.0/toolchain/arm/arm-gnu-toolchain/bin/../lib/gcc/arm-none-eabi/6.3.1/../../../../arm-none-eabi/lib/thumb/v7e-m\libc.a(lib_a-__call_atexit.o) (atexit)
c:/program files (x86)/atmel/studio/7.0/toolchain/arm/arm-gnu-toolchain/bin/../lib/gcc/arm-none-eabi/6.3.1/../../../../arm-none-eabi/lib/thumb/v7e-m\libc.a(lib_a-dtoa.o)
                              c:/program files (x86)/atmel/studio/7.0/toolchain/arm/arm-gnu-toolchain/bin/../lib/gcc/arm-none-eabi/6.3.1/../../../../arm-none-eabi/lib/thumb/v7e-m\libc.a(lib_a-svfprintf.o) (_dtoa_r)
c:/program files (x86)/atmel/studio/7.0/toolchain/arm/arm-gnu-toolchain/bin/../lib/gcc/arm-none-eabi/6.3.1/../../../../arm-none-eabi/lib/thumb/v7e-m\libc.a(lib_a-fini.o)
                              c:/program files (x86)/atmel/studio/7.0/toolchain/arm/arm-gnu-toolchain/bin/../lib/gcc/arm-none-eabi/6.3.1/../../../../arm-none-eabi/lib/thumb/v7e-m\libc.a(lib_a-__call_atexit.o) (__libc_fini_array)
c:/program files (x86)/atmel/studio/7.0/toolchain/arm/arm-gnu-toolchain/bin/../lib/gcc/arm-none-eabi/6.3.1/../../../../arm-none-eabi/lib/thumb/v7e-m\libc.a(lib_a-localeconv.o)
                              c:/program files (x86)/atmel/studio/7.0/toolchain/arm/arm-gnu-toolchain/bin/../lib/gcc/arm-none-eabi/6.3.1/../../../../arm-none-eabi/lib/thumb/v7e-m\libc.a(lib_a-svfprintf.o) (_localeconv_r)
c:/program files (x86)/atmel/studio/7.0/toolchain/arm/arm-gnu-toolchain/bin/../lib/gcc/arm-none-eabi/6.3.1/../../../../arm-none-eabi/lib/thumb/v7e-m\libc.a(lib_a-lock.o)
                              c:/program files (x86)/atmel/studio/7.0/toolchain/arm/arm-gnu-toolchain/bin/../lib/gcc/arm-none-eabi/6.3.1/../../../../arm-none-eabi/lib/thumb/v7e-m\libc.a(lib_a-__call_atexit.o) (__retarget_lock_acquire_recursive)
[...]
Memory Configuration

Name             Origin             Length             Attributes
rom              0x00400000         0x00200000         xr
ram              0x20400000         0x00060000         xrw
*default*        0x00000000         0xffffffff

Linker script and memory map

LOAD c:/program files (x86)/atmel/studio/7.0/toolchain/arm/arm-gnu-toolchain/bin/../lib/gcc/arm-none-eabi/6.3.1/thumb/v7e-m/crti.o
LOAD c:/program files (x86)/atmel/studio/7.0/toolchain/arm/arm-gnu-toolchain/bin/../lib/gcc/arm-none-eabi/6.3.1/thumb/v7e-m/crtbegin.o
LOAD c:/program files (x86)/atmel/studio/7.0/toolchain/arm/arm-gnu-toolchain/bin/../lib/gcc/arm-none-eabi/6.3.1/../../../../arm-none-eabi/lib/thumb/v7e-m/crt0.o
LOAD src/ASF/sam/drivers/rtc/rtc.o
LOAD src/ASF/sam/drivers/rtt/rtt.o
LOAD src/ASF/sam/drivers/spi/spi.o
LOAD src/gfx_mono_framebuffer.o
LOAD src/gfx_mono_generic.o
LOAD src/gfx_mono_text.o
LOAD src/gfx_mono_ug_2832hsweg04.o
LOAD src/ssd1306.o
LOAD src/sysfont.o
LOAD src/ASF/common/services/delay/sam/cycle_counter.o
LOAD src/ASF/common/services/clock/same70/sysclk.o
LOAD src/ASF/common/utils/interrupt/interrupt_sam_nvic.o
LOAD src/ASF/sam/boards/same70_xplained/init.o
LOAD src/ASF/sam/drivers/mpu/mpu.o
LOAD src/ASF/sam/drivers/pio/pio.o
LOAD src/ASF/sam/drivers/pio/pio_handler.o
LOAD src/ASF/sam/drivers/pmc/pmc.o
LOAD src/ASF/sam/drivers/pmc/sleep.o
LOAD src/ASF/sam/utils/cmsis/same70/source/templates/gcc/startup_same70.o
LOAD src/ASF/sam/utils/cmsis/same70/source/templates/system_same70.o
LOAD src/ASF/sam/utils/syscalls/gcc/syscalls.o
LOAD src/main.o
START GROUP
LOAD ../src/ASF/thirdparty/CMSIS/Lib/GCC\libarm_cortexM7lfsp_math_softfp.a
LOAD c:/program files (x86)/atmel/studio/7.0/toolchain/arm/arm-gnu-toolchain/bin/../lib/gcc/arm-none-eabi/6.3.1/../../../../arm-none-eabi/lib/thumb/v7e-m\libm.a
END GROUP
START GROUP
LOAD c:/program files (x86)/atmel/studio/7.0/toolchain/arm/arm-gnu-toolchain/bin/../lib/gcc/arm-none-eabi/6.3.1/thumb/v7e-m\libgcc.a
LOAD c:/program files (x86)/atmel/studio/7.0/toolchain/arm/arm-gnu-toolchain/bin/../lib/gcc/arm-none-eabi/6.3.1/../../../../arm-none-eabi/lib/thumb/v7e-m\libc.a
END GROUP
LOAD c:/program files (x86)/atmel/studio/7.0/toolchain/arm/arm-gnu-toolchain/bin/../lib/gcc/arm-none-eabi/6.3.1/thumb/v7e-m/crtend.o
LOAD c:/program files (x86)/atmel/studio/7.0/toolchain/arm/arm-gnu-toolchain/bin/../lib/gcc/arm-none-eabi/6.3.1/thumb/v7e-m/crtn.o
                0x00002000                STACK_SIZE = DEFINED (STACK_SIZE)?STACK_SIZE:0x2000
                0x2045fffc                __ram_end__ = ((ORIGIN (ram) + LENGTH (ram)) - 0x4)
                0x00000200                HEAP_SIZE = DEFINED (HEAP_SIZE)?HEAP_SIZE:0x200

.text           0x00400000     0x6fb4
                0x00400000                . = ALIGN (0x4)
                0x00400000                _sfixed = .
 *(.vectors .vectors.*)
 .vectors       0x00400000      0x140 src/ASF/sam/utils/cmsis/same70/source/templates/gcc/startup_same70.o
                0x00400000                exception_table
 *(.text .text.* .gnu.linkonce.t.*)
 .text          0x00400140       0x6c c:/program files (x86)/atmel/studio/7.0/toolchain/arm/arm-gnu-toolchain/bin/../lib/gcc/arm-none-eabi/6.3.1/thumb/v7e-m/crtbegin.o
 .text.rtc_get_time
                0x004001ac       0x5a src/ASF/sam/drivers/rtc/rtc.o
                0x004001ac                rtc_get_time
 *fill*         0x00400206        0x2 
 .text.rtc_set_time_alarm
                0x00400208       0x94 src/ASF/sam/drivers/rtc/rtc.o
                0x00400208                rtc_set_time_alarm
 .text.rtc_get_date
                0x0040029c       0x72 src/ASF/sam/drivers/rtc/rtc.o
                0x0040029c                rtc_get_date
 *fill*         0x0040030e        0x2 
 .text.rtc_set_date_alarm
                0x00400310       0x60 src/ASF/sam/drivers/rtc/rtc.o
                0x00400310                rtc_set_date_alarm
 .text.rtc_get_status
                0x00400370        0x4 src/ASF/sam/drivers/rtc/rtc.o
                0x00400370                rtc_get_status
 .text.rtc_clear_status
                0x00400374        0x4 src/ASF/sam/drivers/rtc/rtc.o
                0x00400374                rtc_clear_status
 .text.rtt_get_status
                0x00400378        0x4 src/ASF/sam/drivers/rtt/rtt.o
                0x00400378                rtt_get_status
 .text.spi_enable_clock
                0x0040037c       0x2c src/ASF/sam/drivers/spi/spi.o
                0x0040037c                spi_enable_clock
 .text.spi_set_peripheral_chip_select_value
                0x004003a8       0x16 src/ASF/sam/drivers/spi/spi.o
                0x004003a8                spi_set_peripheral_chip_select_value
 .text.spi_write
                0x004003be       0x34 src/ASF/sam/drivers/spi/spi.o
                0x004003be                spi_write
 .text.spi_set_clock_polarity
                0x004003f2       0x1e src/ASF/sam/drivers/spi/spi.o
                0x004003f2                spi_set_clock_polarity
 .text.spi_set_clock_phase
                0x00400410       0x1e src/ASF/sam/drivers/spi/spi.o
                0x00400410                spi_set_clock_phase
 .text.spi_configure_cs_behavior
                0x0040042e       0x46 src/ASF/sam/drivers/spi/spi.o
                0x0040042e                spi_configure_cs_behavior
 .text.spi_set_bits_per_transfer
                0x00400474       0x14 src/ASF/sam/drivers/spi/spi.o
                0x00400474                spi_set_bits_per_transfer
 .text.spi_calc_baudrate_div
                0x00400488       0x16 src/ASF/sam/drivers/spi/spi.o
                0x00400488                spi_calc_baudrate_div
 .text.spi_set_baudrate_div
                0x0040049e       0x28 src/ASF/sam/drivers/spi/spi.o
                0x0040049e                spi_set_baudrate_div
 *fill*         0x004004c6        0x2 
 .text.gfx_mono_set_framebuffer
                0x004004c8        0xc src/gfx_mono_framebuffer.o
                0x004004c8                gfx_mono_set_framebuffer
 .text.gfx_mono_framebuffer_put_byte
                0x004004d4       0x10 src/gfx_mono_framebuffer.o
                0x004004d4                gfx_mono_framebuffer_put_byte
 .text.gfx_mono_framebuffer_get_byte
                0x004004e4       0x10 src/gfx_mono_framebuffer.o
                0x004004e4                gfx_mono_framebuffer_get_byte
 .text.gfx_mono_generic_draw_horizontal_line
                0x004004f4       0xd0 src/gfx_mono_generic.o
                0x004004f4                gfx_mono_generic_draw_horizontal_line
 .text.gfx_mono_generic_draw_filled_rect
                0x004005c4       0x38 src/gfx_mono_generic.o
                0x004005c4                gfx_mono_generic_draw_filled_rect
 .text.gfx_mono_draw_char
                0x004005fc       0xac src/gfx_mono_text.o
                0x004005fc                gfx_mono_draw_char
 .text.gfx_mono_draw_string
                0x004006a8       0x48 src/gfx_mono_text.o
                0x004006a8                gfx_mono_draw_string
 .text.gfx_mono_ssd1306_put_byte
                0x004006f0       0x50 src/gfx_mono_ug_2832hsweg04.o
                0x004006f0                gfx_mono_ssd1306_put_byte
 .text.gfx_mono_ssd1306_init
                0x00400740       0x50 src/gfx_mono_ug_2832hsweg04.o
                0x00400740                gfx_mono_ssd1306_init
 .text.gfx_mono_ssd1306_draw_pixel
                0x00400790       0x64 src/gfx_mono_ug_2832hsweg04.o
                0x00400790                gfx_mono_ssd1306_draw_pixel
 .text.gfx_mono_ssd1306_get_byte
                0x004007f4        0xc src/gfx_mono_ug_2832hsweg04.o
                0x004007f4                gfx_mono_ssd1306_get_byte
 .text.ssd1306_write_command
                0x00400800       0x40 src/ssd1306.o
                0x00400800                ssd1306_write_command
 .text.ssd1306_init
                0x00400840      0x1e0 src/ssd1306.o
                0x00400840                ssd1306_init
 .text.ssd1306_write_data
                0x00400a20       0x40 src/ssd1306.o
                0x00400a20                ssd1306_write_data
 .text.sysclk_init
                0x00400a60       0x70 src/ASF/common/services/clock/same70/sysclk.o
                0x00400a60                sysclk_init
 .text.board_init
                0x00400ad0      0x140 src/ASF/sam/boards/same70_xplained/init.o
                0x00400ad0                board_init
 .text.pio_set_peripheral
                0x00400c10       0x92 src/ASF/sam/drivers/pio/pio.o
                0x00400c10                pio_set_peripheral
 .text.pio_set_input
                0x00400ca2       0x36 src/ASF/sam/drivers/pio/pio.o
                0x00400ca2                pio_set_input
 .text.pio_set_output
                0x00400cd8       0x28 src/ASF/sam/drivers/pio/pio.o
                0x00400cd8                pio_set_output
 .text.pio_configure
                0x00400d00       0x90 src/ASF/sam/drivers/pio/pio.o
                0x00400d00                pio_configure
 .text.pio_configure_interrupt
                0x00400d90       0x32 src/ASF/sam/drivers/pio/pio.o
                0x00400d90                pio_configure_interrupt
 .text.pio_enable_interrupt
                0x00400dc2        0x4 src/ASF/sam/drivers/pio/pio.o
                0x00400dc2                pio_enable_interrupt
 .text.pio_get_interrupt_status
                0x00400dc6        0x4 src/ASF/sam/drivers/pio/pio.o
                0x00400dc6                pio_get_interrupt_status
 .text.pio_get_interrupt_mask
                0x00400dca        0x4 src/ASF/sam/drivers/pio/pio.o
                0x00400dca                pio_get_interrupt_mask
 *fill*         0x00400dce        0x2 
 .text.pio_handler_process
                0x00400dd0       0x50 src/ASF/sam/drivers/pio/pio_handler.o
                0x00400dd0                pio_handler_process
 .text.pio_handler_set
                0x00400e20       0x70 src/ASF/sam/drivers/pio/pio_handler.o
                0x00400e20                pio_handler_set
 .text.PIOA_Handler
                0x00400e90       0x14 src/ASF/sam/drivers/pio/pio_handler.o
                0x00400e90                PIOA_Handler
 .text.PIOB_Handler
                0x00400ea4       0x14 src/ASF/sam/drivers/pio/pio_handler.o
                0x00400ea4                PIOB_Handler
 .text.PIOC_Handler
                0x00400eb8       0x14 src/ASF/sam/drivers/pio/pio_handler.o
                0x00400eb8                PIOC_Handler
 .text.PIOD_Handler
                0x00400ecc       0x14 src/ASF/sam/drivers/pio/pio_handler.o
                0x00400ecc                PIOD_Handler
 .text.PIOE_Handler
                0x00400ee0       0x14 src/ASF/sam/drivers/pio/pio_handler.o
                0x00400ee0                PIOE_Handler
 .text.pmc_mck_set_division
                0x00400ef4       0x38 src/ASF/sam/drivers/pmc/pmc.o
                0x00400ef4                pmc_mck_set_division
 .text.pmc_switch_mck_to_pllack
                0x00400f2c       0x64 src/ASF/sam/drivers/pmc/pmc.o
                0x00400f2c                pmc_switch_mck_to_pllack
 .text.pmc_switch_mainck_to_xtal
                0x00400f90       0x54 src/ASF/sam/drivers/pmc/pmc.o
                0x00400f90                pmc_switch_mainck_to_xtal
 .text.pmc_osc_is_ready_mainck
                0x00400fe4       0x10 src/ASF/sam/drivers/pmc/pmc.o
                0x00400fe4                pmc_osc_is_ready_mainck
 .text.pmc_disable_pllack
                0x00400ff4       0x10 src/ASF/sam/drivers/pmc/pmc.o
                0x00400ff4                pmc_disable_pllack
 .text.pmc_is_locked_pllack
                0x00401004       0x10 src/ASF/sam/drivers/pmc/pmc.o
                0x00401004                pmc_is_locked_pllack
 .text.pmc_enable_periph_clk
                0x00401014       0x54 src/ASF/sam/drivers/pmc/pmc.o
                0x00401014                pmc_enable_periph_clk
 .text.pmc_set_flash_in_wait_mode
                0x00401068        0x2 src/ASF/sam/drivers/pmc/pmc.o
                0x00401068                pmc_set_flash_in_wait_mode
 *fill*         0x0040106a        0x2 
 .text.pmc_enable_waitmode
                0x0040106c       0x4c src/ASF/sam/drivers/pmc/pmc.o
                0x0040106c                pmc_enable_waitmode
 .text.pmc_sleep
                0x004010b8      0x274 src/ASF/sam/drivers/pmc/sleep.o
                0x004010b8                pmc_sleep
 .text.Dummy_Handler
                0x0040132c        0x2 src/ASF/sam/utils/cmsis/same70/source/templates/gcc/startup_same70.o
                0x0040132c                DACC_Handler
                0x0040132c                DebugMon_Handler
                0x0040132c                UART3_Handler
                0x0040132c                UART2_Handler
                0x0040132c                TRNG_Handler
                0x0040132c                HardFault_Handler
                0x0040132c                TC2_Handler
                0x0040132c                SysTick_Handler
                0x0040132c                AFEC1_Handler
                0x0040132c                PendSV_Handler
                0x0040132c                NMI_Handler
                0x0040132c                TC7_Handler
                0x0040132c                QSPI_Handler
                0x0040132c                ISI_Handler
                0x0040132c                TC9_Handler
                0x0040132c                RSWDT_Handler
                0x0040132c                MCAN1_Handler
                0x0040132c                USART0_Handler
                0x0040132c                USBHS_Handler
                0x0040132c                UsageFault_Handler
                0x0040132c                TC6_Handler
                0x0040132c                WDT_Handler
                0x0040132c                TC4_Handler
                0x0040132c                TC1_Handler
                0x0040132c                HSMCI_Handler
                0x0040132c                UART1_Handler
                0x0040132c                TC3_Handler
                0x0040132c                Dummy_Handler
                0x0040132c                TWIHS1_Handler
                0x0040132c                XDMAC_Handler
                0x0040132c                UART4_Handler
                0x0040132c                PWM1_Handler
                0x0040132c                USART1_Handler
                0x0040132c                PWM0_Handler
                0x0040132c                AFEC0_Handler
                0x0040132c                SSC_Handler
                0x0040132c                TC11_Handler
                0x0040132c                ACC_Handler
                0x0040132c                PMC_Handler
                0x0040132c                GMAC_Handler
                0x0040132c                MemManage_Handler
                0x0040132c                SUPC_Handler
                0x0040132c                SVC_Handler
                0x0040132c                TC8_Handler
                0x0040132c                EFC_Handler
                0x0040132c                USART2_Handler
                0x0040132c                SDRAMC_Handler
                0x0040132c                SPI1_Handler
                0x0040132c                MCAN0_Handler
                0x0040132c                TC10_Handler
                0x0040132c                TWIHS2_Handler
                0x0040132c                UART0_Handler
                0x0040132c                BusFault_Handler
                0x0040132c                RSTC_Handler
                0x0040132c                TC0_Handler
                0x0040132c                TC5_Handler
                0x0040132c                ICM_Handler
                0x0040132c                AES_Handler
                0x0040132c                TWIHS0_Handler
                0x0040132c                SPI0_Handler
 *fill*         0x0040132e        0x2 
 .text.Reset_Handler
                0x00401330       0xc8 src/ASF/sam/utils/cmsis/same70/source/templates/gcc/startup_same70.o
                0x00401330                Reset_Handler
 .text.SystemCoreClockUpdate
                0x004013f8      0x10c src/ASF/sam/utils/cmsis/same70/source/templates/system_same70.o
                0x004013f8                SystemCoreClockUpdate
 .text.system_init_flash
                0x00401504       0x8c src/ASF/sam/utils/cmsis/same70/source/templates/system_same70.o
                0x00401504                system_init_flash
 .text._sbrk    0x00401590       0x38 src/ASF/sam/utils/syscalls/gcc/syscalls.o
                0x00401590                _sbrk
 .text.Button1_Handler
                0x004015c8       0x10 src/main.o
 .text.Button2_Handler
                0x004015d8       0x14 src/main.o
 .text.Button3_Handler
                0x004015ec       0x20 src/main.o
 *fill*         0x0040160c        0x4 
 .text.RTT_Handler
                0x00401610       0xb8 src/main.o
                0x00401610                RTT_Handler
 .text.RTC_Handler
                0x004016c8       0xb0 src/main.o
                0x004016c8                RTC_Handler
 .text.BUT_init
                0x00401778       0xdc src/main.o
                0x00401778                BUT_init
 .text.main     0x00401854      0x150 src/main.o
                0x00401854                main
 .text          0x004019a4      0x370 c:/program files (x86)/atmel/studio/7.0/toolchain/arm/arm-gnu-toolchain/bin/../lib/gcc/arm-none-eabi/6.3.1/thumb/v7e-m\libgcc.a(_arm_addsubdf3.o)
                0x004019a4                __aeabi_drsub
                0x004019ac                __aeabi_dsub
                0x004019ac                __subdf3
                0x004019b0                __aeabi_dadd
                0x004019b0                __adddf3
                0x00401c28                __floatunsidf
                0x00401c28                __aeabi_ui2d
                0x00401c48                __floatsidf
                0x00401c48                __aeabi_i2d
                0x00401c6c                __aeabi_f2d
                0x00401c6c                __extendsfdf2
                0x00401ca8                __floatundidf
                0x00401ca8                __aeabi_ul2d
                0x00401cb8                __floatdidf
                0x00401cb8                __aeabi_l2d
 .text          0x00401d14      0x424 c:/program files (x86)/atmel/studio/7.0/toolchain/arm/arm-gnu-toolchain/bin/../lib/gcc/arm-none-eabi/6.3.1/thumb/v7e-m\libgcc.a(_arm_muldivdf3.o)
                0x00401d14                __aeabi_dmul
                0x00401d14                __muldf3
                0x00401f68                __divdf3
                0x00401f68                __aeabi_ddiv
 .text.__libc_init_array
                0x00402138       0x50 c:/program files (x86)/atmel/studio/7.0/toolchain/arm/arm-gnu-toolchain/bin/../lib/gcc/arm-none-eabi/6.3.1/../../../../arm-none-eabi/lib/thumb/v7e-m\libc.a(lib_a-init.o)
                0x00402138                __libc_init_array
 .text.memset   0x00402188       0x9c c:/program files (x86)/atmel/studio/7.0/toolchain/arm/arm-gnu-toolchain/bin/../lib/gcc/arm-none-eabi/6.3.1/../../../../arm-none-eabi/lib/thumb/v7e-m\libc.a(lib_a-memset.o)
                0x00402188                memset
 .text.sprintf  0x00402224       0x4c c:/program files (x86)/atmel/studio/7.0/toolchain/arm/arm-gnu-toolchain/bin/../lib/gcc/arm-none-eabi/6.3.1/../../../../arm-none-eabi/lib/thumb/v7e-m\libc.a(lib_a-sprintf.o)
                0x00402224                sprintf
 .text._svfprintf_r
                0x00402270     0x145c c:/program files (x86)/atmel/studio/7.0/toolchain/arm/arm-gnu-toolchain/bin/../lib/gcc/arm-none-eabi/6.3.1/../../../../arm-none-eabi/lib/thumb/v7e-m\libc.a(lib_a-svfprintf.o)
                0x00402270                _svfprintf_r
 .text.startup.register_fini
                0x004036cc       0x14 c:/program files (x86)/atmel/studio/7.0/toolchain/arm/arm-gnu-toolchain/bin/../lib/gcc/arm-none-eabi/6.3.1/../../../../arm-none-eabi/lib/thumb/v7e-m\libc.a(lib_a-__call_atexit.o)
 .text.atexit   0x004036e0        0xc c:/program files (x86)/atmel/studio/7.0/toolchain/arm/arm-gnu-toolchain/bin/../lib/gcc/arm-none-eabi/6.3.1/../../../../arm-none-eabi/lib/thumb/v7e-m\libc.a(lib_a-atexit.o)
                0x004036e0                atexit
 .text.quorem   0x004036ec      0x128 c:/program files (x86)/atmel/studio/7.0/toolchain/arm/arm-gnu-toolchain/bin/../lib/gcc/arm-none-eabi/6.3.1/../../../../arm-none-eabi/lib/thumb/v7e-m\libc.a(lib_a-dtoa.o)
 *fill*         0x00403814        0x4 
 .text._dtoa_r  0x00403818      0xe54 c:/program files (x86)/atmel/studio/7.0/toolchain/arm/arm-gnu-toolchain/bin/../lib/gcc/arm-none-eabi/6.3.1/../../../../arm-none-eabi/lib/thumb/v7e-m\libc.a(lib_a-dtoa.o)
                0x00403818                _dtoa_r
 .text.__libc_fini_array
                0x0040466c       0x34 c:/program files (x86)/atmel/studio/7.0/toolchain/arm/arm-gnu-toolchain/bin/../lib/gcc/arm-none-eabi/6.3.1/../../../../arm-none-eabi/lib/thumb/v7e-m\libc.a(lib_a-fini.o)
                0x0040466c                __libc_fini_array
 .text._localeconv_r
                0x004046a0       0x1c c:/program files (x86)/atmel/studio/7.0/toolchain/arm/arm-gnu-toolchain/bin/../lib/gcc/arm-none-eabi/6.3.1/../../../../arm-none-eabi/lib/thumb/v7e-m\libc.a(lib_a-localeconv.o)
                0x004046a0                _localeconv_r
 .text.__retarget_lock_acquire_recursive
                0x004046bc        0x4 c:/program files (x86)/atmel/studio/7.0/toolchain/arm/arm-gnu-toolchain/bin/../lib/gcc/arm-none-eabi/6.3.1/../../../../arm-none-eabi/lib/thumb/v7e-m\libc.a(lib_a-lock.o)
                0x004046bc                __retarget_lock_acquire_recursive
 .text.__retarget_lock_release_recursive
                0x004046c0        0x4 c:/program files (x86)/atmel/studio/7.0/toolchain/arm/arm-gnu-toolchain/bin/../lib/gcc/arm-none-eabi/6.3.1/../../../../arm-none-eabi/lib/thumb/v7e-m\libc.a(lib_a-lock.o)
                0x004046c0                __retarget_lock_release_recursive
 .text._malloc_r
                0x004046c4      0x560 c:/program files (x86)/atmel/studio/7.0/toolchain/arm/arm-gnu-toolchain/bin/../lib/gcc/arm-none-eabi/6.3.1/../../../../arm-none-eabi/lib/thumb/v7e-m\libc.a(lib_a-mallocr.o)
                0x004046c4                _malloc_r
 *fill*         0x00404c24        0xc 
 .text          0x00404c30       0xa0 c:/program files (x86)/atmel/studio/7.0/toolchain/arm/arm-gnu-toolchain/bin/../lib/gcc/arm-none-eabi/6.3.1/../../../../arm-none-eabi/lib/thumb/v7e-m\libc.a(lib_a-memchr.o)
                0x00404c30                memchr
 .text          0x00404cd0      0x134 c:/program files (x86)/atmel/studio/7.0/toolchain/arm/arm-gnu-toolchain/bin/../lib/gcc/arm-none-eabi/6.3.1/../../../../arm-none-eabi/lib/thumb/v7e-m\libc.a(lib_a-memcpy.o)
                0x00404cd0                memcpy
 .text.__malloc_lock
                0x00404e04        0xc c:/program files (x86)/atmel/studio/7.0/toolchain/arm/arm-gnu-toolchain/bin/../lib/gcc/arm-none-eabi/6.3.1/../../../../arm-none-eabi/lib/thumb/v7e-m\libc.a(lib_a-mlock.o)
                0x00404e04                __malloc_lock
 .text.__malloc_unlock
                0x00404e10        0xc c:/program files (x86)/atmel/studio/7.0/toolchain/arm/arm-gnu-toolchain/bin/../lib/gcc/arm-none-eabi/6.3.1/../../../../arm-none-eabi/lib/thumb/v7e-m\libc.a(lib_a-mlock.o)
                0x00404e10                __malloc_unlock
 .text._Balloc  0x00404e1c       0x4c c:/program files (x86)/atmel/studio/7.0/toolchain/arm/arm-gnu-toolchain/bin/../lib/gcc/arm-none-eabi/6.3.1/../../../../arm-none-eabi/lib/thumb/v7e-m\libc.a(lib_a-mprec.o)
                0x00404e1c                _Balloc
 .text._Bfree   0x00404e68       0x14 c:/program files (x86)/atmel/studio/7.0/toolchain/arm/arm-gnu-toolchain/bin/../lib/gcc/arm-none-eabi/6.3.1/../../../../arm-none-eabi/lib/thumb/v7e-m\libc.a(lib_a-mprec.o)
                0x00404e68                _Bfree
 .text.__multadd
                0x00404e7c       0x80 c:/program files (x86)/atmel/studio/7.0/toolchain/arm/arm-gnu-toolchain/bin/../lib/gcc/arm-none-eabi/6.3.1/../../../../arm-none-eabi/lib/thumb/v7e-m\libc.a(lib_a-mprec.o)
                0x00404e7c                __multadd
 .text.__hi0bits
                0x00404efc       0x40 c:/program files (x86)/atmel/studio/7.0/toolchain/arm/arm-gnu-toolchain/bin/../lib/gcc/arm-none-eabi/6.3.1/../../../../arm-none-eabi/lib/thumb/v7e-m\libc.a(lib_a-mprec.o)
                0x00404efc                __hi0bits
 .text.__lo0bits
                0x00404f3c       0x60 c:/program files (x86)/atmel/studio/7.0/toolchain/arm/arm-gnu-toolchain/bin/../lib/gcc/arm-none-eabi/6.3.1/../../../../arm-none-eabi/lib/thumb/v7e-m\libc.a(lib_a-mprec.o)
                0x00404f3c                __lo0bits
 .text.__i2b    0x00404f9c       0x14 c:/program files (x86)/atmel/studio/7.0/toolchain/arm/arm-gnu-toolchain/bin/../lib/gcc/arm-none-eabi/6.3.1/../../../../arm-none-eabi/lib/thumb/v7e-m\libc.a(lib_a-mprec.o)
                0x00404f9c                __i2b
 .text.__multiply
                0x00404fb0      0x124 c:/program files (x86)/atmel/studio/7.0/toolchain/arm/arm-gnu-toolchain/bin/../lib/gcc/arm-none-eabi/6.3.1/../../../../arm-none-eabi/lib/thumb/v7e-m\libc.a(lib_a-mprec.o)
                0x00404fb0                __multiply
 .text.__pow5mult
                0x004050d4       0xa0 c:/program files (x86)/atmel/studio/7.0/toolchain/arm/arm-gnu-toolchain/bin/../lib/gcc/arm-none-eabi/6.3.1/../../../../arm-none-eabi/lib/thumb/v7e-m\libc.a(lib_a-mprec.o)
                0x004050d4                __pow5mult
 .text.__lshift
                0x00405174       0xa4 c:/program files (x86)/atmel/studio/7.0/toolchain/arm/arm-gnu-toolchain/bin/../lib/gcc/arm-none-eabi/6.3.1/../../../../arm-none-eabi/lib/thumb/v7e-m\libc.a(lib_a-mprec.o)
                0x00405174                __lshift
 .text.__mcmp   0x00405218       0x38 c:/program files (x86)/atmel/studio/7.0/toolchain/arm/arm-gnu-toolchain/bin/../lib/gcc/arm-none-eabi/6.3.1/../../../../arm-none-eabi/lib/thumb/v7e-m\libc.a(lib_a-mprec.o)
                0x00405218                __mcmp
 .text.__mdiff  0x00405250      0x108 c:/program files (x86)/atmel/studio/7.0/toolchain/arm/arm-gnu-toolchain/bin/../lib/gcc/arm-none-eabi/6.3.1/../../../../arm-none-eabi/lib/thumb/v7e-m\libc.a(lib_a-mprec.o)
                0x00405250                __mdiff
 .text.__d2b    0x00405358       0xb8 c:/program files (x86)/atmel/studio/7.0/toolchain/arm/arm-gnu-toolchain/bin/../lib/gcc/arm-none-eabi/6.3.1/../../../../arm-none-eabi/lib/thumb/v7e-m\libc.a(lib_a-mprec.o)
                0x00405358                __d2b
 .text._sbrk_r  0x00405410       0x24 c:/program files (x86)/atmel/studio/7.0/toolchain/arm/arm-gnu-toolchain/bin/../lib/gcc/arm-none-eabi/6.3.1/../../../../arm-none-eabi/lib/thumb/v7e-m\libc.a(lib_a-sbrkr.o)
                0x00405410                _sbrk_r
 *fill*         0x00405434        0xc 
 .text          0x00405440       0xdc c:/program files (x86)/atmel/studio/7.0/toolchain/arm/arm-gnu-toolchain/bin/../lib/gcc/arm-none-eabi/6.3.1/../../../../arm-none-eabi/lib/thumb/v7e-m\libc.a(lib_a-strlen.o)
                0x00405440                strlen
 .text.__ssprint_r
                0x0040551c       0xfc c:/program files (x86)/atmel/studio/7.0/toolchain/arm/arm-gnu-toolchain/bin/../lib/gcc/arm-none-eabi/6.3.1/../../../../arm-none-eabi/lib/thumb/v7e-m\libc.a(lib_a-svfiprintf.o)
                0x0040551c                __ssprint_r
 .text.__register_exitproc
                0x00405618       0xc4 c:/program files (x86)/atmel/studio/7.0/toolchain/arm/arm-gnu-toolchain/bin/../lib/gcc/arm-none-eabi/6.3.1/../../../../arm-none-eabi/lib/thumb/v7e-m\libc.a(lib_a-__atexit.o)
                0x00405618                __register_exitproc
 .text._calloc_r
                0x004056dc       0x60 c:/program files (x86)/atmel/studio/7.0/toolchain/arm/arm-gnu-toolchain/bin/../lib/gcc/arm-none-eabi/6.3.1/../../../../arm-none-eabi/lib/thumb/v7e-m\libc.a(lib_a-callocr.o)
                0x004056dc                _calloc_r
 .text._malloc_trim_r
                0x0040573c       0xa0 c:/program files (x86)/atmel/studio/7.0/toolchain/arm/arm-gnu-toolchain/bin/../lib/gcc/arm-none-eabi/6.3.1/../../../../arm-none-eabi/lib/thumb/v7e-m\libc.a(lib_a-freer.o)
                0x0040573c                _malloc_trim_r
 .text._free_r  0x004057dc      0x1cc c:/program files (x86)/atmel/studio/7.0/toolchain/arm/arm-gnu-toolchain/bin/../lib/gcc/arm-none-eabi/6.3.1/../../../../arm-none-eabi/lib/thumb/v7e-m\libc.a(lib_a-freer.o)
                0x004057dc                _free_r
 .text.__ascii_mbtowc
                0x004059a8       0x2c c:/program files (x86)/atmel/studio/7.0/toolchain/arm/arm-gnu-toolchain/bin/../lib/gcc/arm-none-eabi/6.3.1/../../../../arm-none-eabi/lib/thumb/v7e-m\libc.a(lib_a-mbtowc_r.o)
                0x004059a8                __ascii_mbtowc
 .text.memmove  0x004059d4       0xc8 c:/program files (x86)/atmel/studio/7.0/toolchain/arm/arm-gnu-toolchain/bin/../lib/gcc/arm-none-eabi/6.3.1/../../../../arm-none-eabi/lib/thumb/v7e-m\libc.a(lib_a-memmove.o)
                0x004059d4                memmove
 .text._realloc_r
                0x00405a9c      0x34c c:/program files (x86)/atmel/studio/7.0/toolchain/arm/arm-gnu-toolchain/bin/../lib/gcc/arm-none-eabi/6.3.1/../../../../arm-none-eabi/lib/thumb/v7e-m\libc.a(lib_a-reallocr.o)
                0x00405a9c                _realloc_r
 .text.__ascii_wctomb
                0x00405de8       0x1c c:/program files (x86)/atmel/studio/7.0/toolchain/arm/arm-gnu-toolchain/bin/../lib/gcc/arm-none-eabi/6.3.1/../../../../arm-none-eabi/lib/thumb/v7e-m\libc.a(lib_a-wctomb_r.o)
                0x00405de8                __ascii_wctomb
 .text          0x00405e04      0x110 c:/program files (x86)/atmel/studio/7.0/toolchain/arm/arm-gnu-toolchain/bin/../lib/gcc/arm-none-eabi/6.3.1/thumb/v7e-m\libgcc.a(_arm_cmpdf2.o)
                0x00405e04                __gtdf2
                0x00405e04                __gedf2
                0x00405e0c                __ltdf2
                0x00405e0c                __ledf2
                0x00405e14                __nedf2
                0x00405e14                __eqdf2
                0x00405e14                __cmpdf2
                0x00405e90                __aeabi_cdrcmple
                0x00405ea0                __aeabi_cdcmpeq
                0x00405ea0                __aeabi_cdcmple
                0x00405eb0                __aeabi_dcmpeq
                0x00405ec4                __aeabi_dcmplt
                0x00405ed8                __aeabi_dcmple
                0x00405eec                __aeabi_dcmpge
                0x00405f00                __aeabi_dcmpgt
 .text          0x00405f14       0x2c c:/program files (x86)/atmel/studio/7.0/toolchain/arm/arm-gnu-toolchain/bin/../lib/gcc/arm-none-eabi/6.3.1/thumb/v7e-m\libgcc.a(_arm_unorddf2.o)
                0x00405f14                __unorddf2
                0x00405f14                __aeabi_dcmpun
 .text          0x00405f40       0x50 c:/program files (x86)/atmel/studio/7.0/toolchain/arm/arm-gnu-toolchain/bin/../lib/gcc/arm-none-eabi/6.3.1/thumb/v7e-m\libgcc.a(_arm_fixdfsi.o)
                0x00405f40                __aeabi_d2iz
                0x00405f40                __fixdfsi
 .text          0x00405f90       0x30 c:/program files (x86)/atmel/studio/7.0/toolchain/arm/arm-gnu-toolchain/bin/../lib/gcc/arm-none-eabi/6.3.1/thumb/v7e-m\libgcc.a(_aeabi_uldivmod.o)
                0x00405f90                __aeabi_uldivmod
 .text          0x00405fc0      0x2dc c:/program files (x86)/atmel/studio/7.0/toolchain/arm/arm-gnu-toolchain/bin/../lib/gcc/arm-none-eabi/6.3.1/thumb/v7e-m\libgcc.a(_udivmoddi4.o)
                0x00405fc0                __udivmoddi4
 .text          0x0040629c        0x4 c:/program files (x86)/atmel/studio/7.0/toolchain/arm/arm-gnu-toolchain/bin/../lib/gcc/arm-none-eabi/6.3.1/thumb/v7e-m\libgcc.a(_dvmd_tls.o)
                0x0040629c                __aeabi_idiv0
                0x0040629c                __aeabi_ldiv0
 *(.glue_7t)
 .glue_7t       0x004062a0        0x0 linker stubs
 *(.glue_7)
 .glue_7        0x004062a0        0x0 linker stubs
 *(.rodata .rodata* .gnu.linkonce.r.*)
 .rodata.sysfont_glyphs
                0x004062a0      0xa48 src/sysfont.o
 .rodata.main.str1.4
                0x00406ce8       0x1b src/main.o
 *fill*         0x00406d03        0x1 
 .rodata._global_impure_ptr
                0x00406d04        0x4 c:/program files (x86)/atmel/studio/7.0/toolchain/arm/arm-gnu-toolchain/bin/../lib/gcc/arm-none-eabi/6.3.1/../../../../arm-none-eabi/lib/thumb/v7e-m\libc.a(lib_a-impure.o)
                0x00406d04                _global_impure_ptr
 .rodata._svfprintf_r.str1.4
                0x00406d08       0x42 c:/program files (x86)/atmel/studio/7.0/toolchain/arm/arm-gnu-toolchain/bin/../lib/gcc/arm-none-eabi/6.3.1/../../../../arm-none-eabi/lib/thumb/v7e-m\libc.a(lib_a-svfprintf.o)
 *fill*         0x00406d4a        0x2 
 .rodata.blanks.7223
                0x00406d4c       0x10 c:/program files (x86)/atmel/studio/7.0/toolchain/arm/arm-gnu-toolchain/bin/../lib/gcc/arm-none-eabi/6.3.1/../../../../arm-none-eabi/lib/thumb/v7e-m\libc.a(lib_a-svfprintf.o)
 .rodata.zeroes.7224
                0x00406d5c       0x10 c:/program files (x86)/atmel/studio/7.0/toolchain/arm/arm-gnu-toolchain/bin/../lib/gcc/arm-none-eabi/6.3.1/../../../../arm-none-eabi/lib/thumb/v7e-m\libc.a(lib_a-svfprintf.o)
 .rodata._dtoa_r.str1.4
                0x00406d6c       0x10 c:/program files (x86)/atmel/studio/7.0/toolchain/arm/arm-gnu-toolchain/bin/../lib/gcc/arm-none-eabi/6.3.1/../../../../arm-none-eabi/lib/thumb/v7e-m\libc.a(lib_a-dtoa.o)
                                 0x12 (size before relaxing)
 *fill*         0x00406d7c        0x4 
 .rodata.__mprec_bigtens
                0x00406d80       0x28 c:/program files (x86)/atmel/studio/7.0/toolchain/arm/arm-gnu-toolchain/bin/../lib/gcc/arm-none-eabi/6.3.1/../../../../arm-none-eabi/lib/thumb/v7e-m\libc.a(lib_a-mprec.o)
                0x00406d80                __mprec_bigtens
 .rodata.__mprec_tens
                0x00406da8       0xc8 c:/program files (x86)/atmel/studio/7.0/toolchain/arm/arm-gnu-toolchain/bin/../lib/gcc/arm-none-eabi/6.3.1/../../../../arm-none-eabi/lib/thumb/v7e-m\libc.a(lib_a-mprec.o)
                0x00406da8                __mprec_tens
 .rodata.p05.6055
                0x00406e70        0xc c:/program files (x86)/atmel/studio/7.0/toolchain/arm/arm-gnu-toolchain/bin/../lib/gcc/arm-none-eabi/6.3.1/../../../../arm-none-eabi/lib/thumb/v7e-m\libc.a(lib_a-mprec.o)
 .rodata._setlocale_r.str1.4
                0x00406e7c        0xa c:/program files (x86)/atmel/studio/7.0/toolchain/arm/arm-gnu-toolchain/bin/../lib/gcc/arm-none-eabi/6.3.1/../../../../arm-none-eabi/lib/thumb/v7e-m\libc.a(lib_a-locale.o)
                                  0xd (size before relaxing)
 *fill*         0x00406e86        0x2 
 .rodata.str1.4
                0x00406e88        0x4 c:/program files (x86)/atmel/studio/7.0/toolchain/arm/arm-gnu-toolchain/bin/../lib/gcc/arm-none-eabi/6.3.1/../../../../arm-none-eabi/lib/thumb/v7e-m\libc.a(lib_a-locale.o)
                                  0x2 (size before relaxing)
 .rodata._ctype_
                0x00406e8c      0x101 c:/program files (x86)/atmel/studio/7.0/toolchain/arm/arm-gnu-toolchain/bin/../lib/gcc/arm-none-eabi/6.3.1/../../../../arm-none-eabi/lib/thumb/v7e-m\libc.a(lib_a-ctype_.o)
                0x00406e8c                _ctype_
 *(.ARM.extab* .gnu.linkonce.armextab.*)
                0x00406f90                . = ALIGN (0x4)
 *fill*         0x00406f8d        0x3 
 *(.init)
 .init          0x00406f90        0x4 c:/program files (x86)/atmel/studio/7.0/toolchain/arm/arm-gnu-toolchain/bin/../lib/gcc/arm-none-eabi/6.3.1/thumb/v7e-m/crti.o
                0x00406f90                _init
 .init          0x00406f94        0x8 c:/program files (x86)/atmel/studio/7.0/toolchain/arm/arm-gnu-toolchain/bin/../lib/gcc/arm-none-eabi/6.3.1/thumb/v7e-m/crtn.o
                0x00406f9c                . = ALIGN (0x4)
                0x00406f9c                __preinit_array_start = .
 *(.preinit_array)
                0x00406f9c                __preinit_array_end = .
                0x00406f9c                . = ALIGN (0x4)
                0x00406f9c                __init_array_start = .
 *(SORT(.init_array.*))
 .init_array.00000
                0x00406f9c        0x4 c:/program files (x86)/atmel/studio/7.0/toolchain/arm/arm-gnu-toolchain/bin/../lib/gcc/arm-none-eabi/6.3.1/../../../../arm-none-eabi/lib/thumb/v7e-m\libc.a(lib_a-__call_atexit.o)
 *(.init_array)
 .init_array    0x00406fa0        0x4 c:/program files (x86)/atmel/studio/7.0/toolchain/arm/arm-gnu-toolchain/bin/../lib/gcc/arm-none-eabi/6.3.1/thumb/v7e-m/crtbegin.o
                0x00406fa4                __init_array_end = .
                0x00406fa4                . = ALIGN (0x4)
 *crtbegin.o(.ctors)
 *(EXCLUDE_FILE(*crtend.o) .ctors)
 *(SORT(.ctors.*))
 *crtend.o(.ctors)
                0x00406fa4                . = ALIGN (0x4)
 *(.fini)
 .fini          0x00406fa4        0x4 c:/program files (x86)/atmel/studio/7.0/toolchain/arm/arm-gnu-toolchain/bin/../lib/gcc/arm-none-eabi/6.3.1/thumb/v7e-m/crti.o
                0x00406fa4                _fini
 .fini          0x00406fa8        0x8 c:/program files (x86)/atmel/studio/7.0/toolchain/arm/arm-gnu-toolchain/bin/../lib/gcc/arm-none-eabi/6.3.1/thumb/v7e-m/crtn.o
                0x00406fb0                . = ALIGN (0x4)
                0x00406fb0                __fini_array_start = .
 *(.fini_array)
 .fini_array    0x00406fb0        0x4 c:/program files (x86)/atmel/studio/7.0/toolchain/arm/arm-gnu-toolchain/bin/../lib/gcc/arm-none-eabi/6.3.1/thumb/v7e-m/crtbegin.o
 *(SORT(.fini_array.*))
                0x00406fb4                __fini_array_end = .
 *crtbegin.o(.dtors)
 *(EXCLUDE_FILE(*crtend.o) .dtors)
 *(SORT(.dtors.*))
 *crtend.o(.dtors)
                0x00406fb4                . = ALIGN (0x4)
                0x00406fb4                _efixed = .
                [!provide]                PROVIDE (__exidx_start, .)

.vfp11_veneer   0x00406fb4        0x0
 .vfp11_veneer  0x00406fb4        0x0 linker stubs

.v4_bx          0x00406fb4        0x0
 .v4_bx         0x00406fb4        0x0 linker stubs

.iplt           0x00406fb4        0x0
 .iplt          0x00406fb4        0x0 c:/program files (x86)/atmel/studio/7.0/toolchain/arm/arm-gnu-toolchain/bin/../lib/gcc/arm-none-eabi/6.3.1/thumb/v7e-m/crtbegin.o

.ARM.exidx      0x00406fb4        0x8
 *(.ARM.exidx* .gnu.linkonce.armexidx.*)
 .ARM.exidx     0x00406fb4        0x8 c:/program files (x86)/atmel/studio/7.0/toolchain/arm/arm-gnu-toolchain/bin/../lib/gcc/arm-none-eabi/6.3.1/thumb/v7e-m\libgcc.a(_udivmoddi4.o)
                [!provide]                PROVIDE (__exidx_end, .)

.eh_frame       0x00406fbc        0x0
 .eh_frame      0x00406fbc        0x0 c:/program files (x86)/atmel/studio/7.0/toolchain/arm/arm-gnu-toolchain/bin/../lib/gcc/arm-none-eabi/6.3.1/thumb/v7e-m/crtbegin.o

.rel.dyn        0x00406fbc        0x0
 .rel.iplt      0x00406fbc        0x0 c:/program files (x86)/atmel/studio/7.0/toolchain/arm/arm-gnu-toolchain/bin/../lib/gcc/arm-none-eabi/6.3.1/thumb/v7e-m/crtbegin.o

.jcr            0x00406fbc        0x0
 .jcr           0x00406fbc        0x0 c:/program files (x86)/atmel/studio/7.0/toolchain/arm/arm-gnu-toolchain/bin/../lib/gcc/arm-none-eabi/6.3.1/thumb/v7e-m/crtbegin.o

.igot.plt       0x00406fbc        0x0
 .igot.plt      0x00406fbc        0x0 c:/program files (x86)/atmel/studio/7.0/toolchain/arm/arm-gnu-toolchain/bin/../lib/gcc/arm-none-eabi/6.3.1/thumb/v7e-m/crtbegin.o
                0x00406fbc                . = ALIGN (0x4)
                0x00406fbc                _etext = .

.relocate       0x20400000      0x9d8 load address 0x00406fbc
                0x20400000                . = ALIGN (0x4)
                0x20400000                _srelocate = .
 *(.ramfunc .ramfunc.*)
 .ramfunc       0x20400000        0xa src/ASF/common/services/delay/sam/cycle_counter.o
                0x20400000                portable_delay_cycles
 *(.data .data.*)
 *fill*         0x2040000a        0x2 
 .data.sysfont  0x2040000c        0xc src/sysfont.o
                0x2040000c                sysfont
 .data.g_interrupt_enabled
                0x20400018        0x1 src/ASF/common/utils/interrupt/interrupt_sam_nvic.o
                0x20400018                g_interrupt_enabled
 *fill*         0x20400019        0x3 
 .data.SystemCoreClock
                0x2040001c        0x4 src/ASF/sam/utils/cmsis/same70/source/templates/system_same70.o
                0x2040001c                SystemCoreClock
 .data.raio     0x20400020        0x8 src/main.o
                0x20400020                raio
 .data._impure_ptr
                0x20400028        0x4 c:/program files (x86)/atmel/studio/7.0/toolchain/arm/arm-gnu-toolchain/bin/../lib/gcc/arm-none-eabi/6.3.1/../../../../arm-none-eabi/lib/thumb/v7e-m\libc.a(lib_a-impure.o)
                0x20400028                _impure_ptr
 *fill*         0x2040002c        0x4 
 .data.impure_data
                0x20400030      0x428 c:/program files (x86)/atmel/studio/7.0/toolchain/arm/arm-gnu-toolchain/bin/../lib/gcc/arm-none-eabi/6.3.1/../../../../arm-none-eabi/lib/thumb/v7e-m\libc.a(lib_a-impure.o)
 .data.__atexit_recursive_mutex
                0x20400458        0x4 c:/program files (x86)/atmel/studio/7.0/toolchain/arm/arm-gnu-toolchain/bin/../lib/gcc/arm-none-eabi/6.3.1/../../../../arm-none-eabi/lib/thumb/v7e-m\libc.a(lib_a-__call_atexit.o)
                0x20400458                __atexit_recursive_mutex
 .data.__malloc_av_
                0x2040045c      0x408 c:/program files (x86)/atmel/studio/7.0/toolchain/arm/arm-gnu-toolchain/bin/../lib/gcc/arm-none-eabi/6.3.1/../../../../arm-none-eabi/lib/thumb/v7e-m\libc.a(lib_a-mallocr.o)
                0x2040045c                __malloc_av_
 .data.__malloc_sbrk_base
                0x20400864        0x4 c:/program files (x86)/atmel/studio/7.0/toolchain/arm/arm-gnu-toolchain/bin/../lib/gcc/arm-none-eabi/6.3.1/../../../../arm-none-eabi/lib/thumb/v7e-m\libc.a(lib_a-mallocr.o)
                0x20400864                __malloc_sbrk_base
 .data.__malloc_trim_threshold
                0x20400868        0x4 c:/program files (x86)/atmel/studio/7.0/toolchain/arm/arm-gnu-toolchain/bin/../lib/gcc/arm-none-eabi/6.3.1/../../../../arm-none-eabi/lib/thumb/v7e-m\libc.a(lib_a-mallocr.o)
                0x20400868                __malloc_trim_threshold
 .data.__global_locale
                0x2040086c      0x16c c:/program files (x86)/atmel/studio/7.0/toolchain/arm/arm-gnu-toolchain/bin/../lib/gcc/arm-none-eabi/6.3.1/../../../../arm-none-eabi/lib/thumb/v7e-m\libc.a(lib_a-locale.o)
                0x2040086c                __global_locale
                0x204009d8                . = ALIGN (0x4)
                0x204009d8                _erelocate = .

.bss            0x204009d8      0x318 load address 0x00407998
                0x204009d8                . = ALIGN (0x4)
                0x204009d8                _sbss = .
                0x204009d8                _szero = .
 *(.bss .bss.*)
 .bss           0x204009d8       0x1c c:/program files (x86)/atmel/studio/7.0/toolchain/arm/arm-gnu-toolchain/bin/../lib/gcc/arm-none-eabi/6.3.1/thumb/v7e-m/crtbegin.o
 .bss.fbpointer
                0x204009f4        0x4 src/gfx_mono_framebuffer.o
 .bss.framebuffer
                0x204009f8      0x200 src/gfx_mono_ug_2832hsweg04.o
 .bss.gs_interrupt_sources
                0x20400bf8       0x70 src/ASF/sam/drivers/pio/pio_handler.o
 .bss.gs_ul_nb_sources
                0x20400c68        0x4 src/ASF/sam/drivers/pio/pio_handler.o
 .bss.b_is_sleep_clock_used
                0x20400c6c        0x1 src/ASF/sam/drivers/pmc/sleep.o
 *fill*         0x20400c6d        0x3 
 .bss.callback_clocks_restored
                0x20400c70        0x4 src/ASF/sam/drivers/pmc/sleep.o
 .bss.heap.6420
                0x20400c74        0x4 src/ASF/sam/utils/syscalls/gcc/syscalls.o
 .bss.distance  0x20400c78        0x8 src/main.o
                0x20400c78                distance
 .bss.f_rtt_alarme
                0x20400c80        0x1 src/main.o
                0x20400c80                f_rtt_alarme
 .bss.flag_draw
                0x20400c81        0x1 src/main.o
                0x20400c81                flag_draw
 *fill*         0x20400c82        0x2 
 .bss.mag_pulses
                0x20400c84        0x4 src/main.o
                0x20400c84                mag_pulses
 .bss.vel       0x20400c88        0x8 src/main.o
                0x20400c88                vel
 .bss.what      0x20400c90        0x1 src/main.o
                0x20400c90                what
 *fill*         0x20400c91        0x3 
 .bss.__malloc_current_mallinfo
                0x20400c94       0x28 c:/program files (x86)/atmel/studio/7.0/toolchain/arm/arm-gnu-toolchain/bin/../lib/gcc/arm-none-eabi/6.3.1/../../../../arm-none-eabi/lib/thumb/v7e-m\libc.a(lib_a-mallocr.o)
                0x20400c94                __malloc_current_mallinfo
 .bss.__malloc_max_sbrked_mem
                0x20400cbc        0x4 c:/program files (x86)/atmel/studio/7.0/toolchain/arm/arm-gnu-toolchain/bin/../lib/gcc/arm-none-eabi/6.3.1/../../../../arm-none-eabi/lib/thumb/v7e-m\libc.a(lib_a-mallocr.o)
                0x20400cbc                __malloc_max_sbrked_mem
 .bss.__malloc_max_total_mem
                0x20400cc0        0x4 c:/program files (x86)/atmel/studio/7.0/toolchain/arm/arm-gnu-toolchain/bin/../lib/gcc/arm-none-eabi/6.3.1/../../../../arm-none-eabi/lib/thumb/v7e-m\libc.a(lib_a-mallocr.o)
                0x20400cc0                __malloc_max_total_mem
 .bss.__malloc_top_pad
                0x20400cc4        0x4 c:/program files (x86)/atmel/studio/7.0/toolchain/arm/arm-gnu-toolchain/bin/../lib/gcc/arm-none-eabi/6.3.1/../../../../arm-none-eabi/lib/thumb/v7e-m\libc.a(lib_a-mallocr.o)
                0x20400cc4                __malloc_top_pad
 *(COMMON)
 COMMON         0x20400cc8       0x21 c:/program files (x86)/atmel/studio/7.0/toolchain/arm/arm-gnu-toolchain/bin/../lib/gcc/arm-none-eabi/6.3.1/../../../../arm-none-eabi/lib/thumb/v7e-m\libc.a(lib_a-lock.o)
                0x20400cc8                __lock___atexit_recursive_mutex
                0x20400ccc                __lock___arc4random_mutex
                0x20400cd0                __lock___env_recursive_mutex
                0x20400cd4                __lock___sinit_recursive_mutex
                0x20400cd8                __lock___malloc_recursive_mutex
                0x20400cdc                __lock___at_quick_exit_mutex
                0x20400ce0                __lock___dd_hash_mutex
                0x20400ce4                __lock___tz_mutex
                0x20400ce8                __lock___sfp_recursive_mutex
 *fill*         0x20400ce9        0x3 
 COMMON         0x20400cec        0x4 c:/program files (x86)/atmel/studio/7.0/toolchain/arm/arm-gnu-toolchain/bin/../lib/gcc/arm-none-eabi/6.3.1/../../../../arm-none-eabi/lib/thumb/v7e-m\libc.a(lib_a-reent.o)
                0x20400cec                errno
                0x20400cf0                . = ALIGN (0x4)
                0x20400cf0                _ebss = .
                0x20400cf0                _ezero = .

.stack          0x20400cf0     0x2000 load address 0x00407cb0
                0x20400cf0                . = ALIGN (0x8)
                0x20400cf0                _sstack = .
                0x20402cf0                . = (. + STACK_SIZE)
 *fill*         0x20400cf0     0x2000 
                0x20402cf0                . = ALIGN (0x8)
                0x20402cf0                _estack = .

.heap           0x20402cf0      0x200 load address 0x00409cb0
                0x20402cf0                . = ALIGN (0x8)
                0x20402cf0                _sheap = .
                0x20402ef0                . = (. + HEAP_SIZE)
 *fill*         0x20402cf0      0x200 
                0x20402ef0                . = ALIGN (0x8)
                0x20402ef0                _eheap = .
                0x20402ef0                . = ALIGN (0x4)
                0x20402ef0                _end = .
                0x2045ffff                _ram_end_ = ((ORIGIN (ram) + LENGTH (ram)) - 0x1)
OUTPUT(spi_teste.elf elf32-littlearm)

.ARM.attributes
                0x00000000       0x2e
 .ARM.attributes
                0x00000000       0x1e c:/program files (x86)/atmel/studio/7.0/toolchain/arm/arm-gnu-toolchain/bin/../lib/gcc/arm-none-eabi/6.3.1/thumb/v7e-m/crti.o
 .ARM.attributes
                0x0000001e       0x2e c:/program files (x86)/atmel/studio/7.0/toolchain/arm/arm-gnu-toolchain/bin/../lib/gcc/arm-none-eabi/6.3.1/thumb/v7e-m/crtbegin.o
 .ARM.attributes
                0x0000004c       0x37 src/ASF/sam/drivers/rtc/rtc.o
 .ARM.attributes
                0x00000083       0x37 src/ASF/sam/drivers/rtt/rtt.o
 .ARM.attributes
                0x000000ba       0x37 src/ASF/sam/drivers/spi/spi.o
 .ARM.attributes
                0x000000f1       0x37 src/gfx_mono_framebuffer.o
 .ARM.attributes
                0x00000128       0x37 src/gfx_mono_generic.o
 .ARM.attributes
                0x0000015f       0x37 src/gfx_mono_text.o
 .ARM.attributes
                0x00000196       0x37 src/gfx_mono_ug_2832hsweg04.o
 .ARM.attributes
                0x000001cd       0x37 src/ssd1306.o
 .ARM.attributes
                0x00000204       0x37 src/sysfont.o
 .ARM.attributes
                0x0000023b       0x37 src/ASF/common/services/delay/sam/cycle_counter.o
 .ARM.attributes
                0x00000272       0x37 src/ASF/common/services/clock/same70/sysclk.o
 .ARM.attributes
                0x000002a9       0x37 src/ASF/common/utils/interrupt/interrupt_sam_nvic.o
 .ARM.attributes
                0x000002e0       0x37 src/ASF/sam/boards/same70_xplained/init.o
 .ARM.attributes
                0x00000317       0x37 src/ASF/sam/drivers/pio/pio.o
 .ARM.attributes
                0x0000034e       0x37 src/ASF/sam/drivers/pio/pio_handler.o
 .ARM.attributes
                0x00000385       0x37 src/ASF/sam/drivers/pmc/pmc.o
 .ARM.attributes
                0x000003bc       0x37 src/ASF/sam/drivers/pmc/sleep.o
 .ARM.attributes
                0x000003f3       0x37 src/ASF/sam/utils/cmsis/same70/source/templates/gcc/startup_same70.o
 .ARM.attributes
                0x0000042a       0x37 src/ASF/sam/utils/cmsis/same70/source/templates/system_same70.o
 .ARM.attributes
                0x00000461       0x37 src/ASF/sam/utils/syscalls/gcc/syscalls.o
 .ARM.attributes
                0x00000498       0x37 src/main.o
 .ARM.attributes
                0x000004cf       0x1e c:/program files (x86)/atmel/studio/7.0/toolchain/arm/arm-gnu-toolchain/bin/../lib/gcc/arm-none-eabi/6.3.1/thumb/v7e-m\libgcc.a(_arm_addsubdf3.o)
 .ARM.attributes
                0x000004ed       0x1e c:/program files (x86)/atmel/studio/7.0/toolchain/arm/arm-gnu-toolchain/bin/../lib/gcc/arm-none-eabi/6.3.1/thumb/v7e-m\libgcc.a(_arm_muldivdf3.o)
 .ARM.attributes
                0x0000050b       0x2e c:/program files (x86)/atmel/studio/7.0/toolchain/arm/arm-gnu-toolchain/bin/../lib/gcc/arm-none-eabi/6.3.1/../../../../arm-none-eabi/lib/thumb/v7e-m\libc.a(lib_a-impure.o)
 .ARM.attributes
                0x00000539       0x2e c:/program files (x86)/atmel/studio/7.0/toolchain/arm/arm-gnu-toolchain/bin/../lib/gcc/arm-none-eabi/6.3.1/../../../../arm-none-eabi/lib/thumb/v7e-m\libc.a(lib_a-init.o)
 .ARM.attributes
                0x00000567       0x2e c:/program files (x86)/atmel/studio/7.0/toolchain/arm/arm-gnu-toolchain/bin/../lib/gcc/arm-none-eabi/6.3.1/../../../../arm-none-eabi/lib/thumb/v7e-m\libc.a(lib_a-memset.o)
 .ARM.attributes
                0x00000595       0x2e c:/program files (x86)/atmel/studio/7.0/toolchain/arm/arm-gnu-toolchain/bin/../lib/gcc/arm-none-eabi/6.3.1/../../../../arm-none-eabi/lib/thumb/v7e-m\libc.a(lib_a-sprintf.o)
 .ARM.attributes
                0x000005c3       0x2e c:/program files (x86)/atmel/studio/7.0/toolchain/arm/arm-gnu-toolchain/bin/../lib/gcc/arm-none-eabi/6.3.1/../../../../arm-none-eabi/lib/thumb/v7e-m\libc.a(lib_a-svfprintf.o)
 .ARM.attributes
                0x000005f1       0x2e c:/program files (x86)/atmel/studio/7.0/toolchain/arm/arm-gnu-toolchain/bin/../lib/gcc/arm-none-eabi/6.3.1/../../../../arm-none-eabi/lib/thumb/v7e-m\libc.a(lib_a-__call_atexit.o)
 .ARM.attributes
                0x0000061f       0x2e c:/program files (x86)/atmel/studio/7.0/toolchain/arm/arm-gnu-toolchain/bin/../lib/gcc/arm-none-eabi/6.3.1/../../../../arm-none-eabi/lib/thumb/v7e-m\libc.a(lib_a-atexit.o)
 .ARM.attributes
                0x0000064d       0x2e c:/program files (x86)/atmel/studio/7.0/toolchain/arm/arm-gnu-toolchain/bin/../lib/gcc/arm-none-eabi/6.3.1/../../../../arm-none-eabi/lib/thumb/v7e-m\libc.a(lib_a-dtoa.o)
 .ARM.attributes
                0x0000067b       0x2e c:/program files (x86)/atmel/studio/7.0/toolchain/arm/arm-gnu-toolchain/bin/../lib/gcc/arm-none-eabi/6.3.1/../../../../arm-none-eabi/lib/thumb/v7e-m\libc.a(lib_a-fini.o)
 .ARM.attributes
                0x000006a9       0x2e c:/program files (x86)/atmel/studio/7.0/toolchain/arm/arm-gnu-toolchain/bin/../lib/gcc/arm-none-eabi/6.3.1/../../../../arm-none-eabi/lib/thumb/v7e-m\libc.a(lib_a-localeconv.o)
 .ARM.attributes
                0x000006d7       0x2e c:/program files (x86)/atmel/studio/7.0/toolchain/arm/arm-gnu-toolchain/bin/../lib/gcc/arm-none-eabi/6.3.1/../../../../arm-none-eabi/lib/thumb/v7e-m\libc.a(lib_a-lock.o)
 .ARM.attributes
                0x00000705       0x2e c:/program files (x86)/atmel/studio/7.0/toolchain/arm/arm-gnu-toolchain/bin/../lib/gcc/arm-none-eabi/6.3.1/../../../../arm-none-eabi/lib/thumb/v7e-m\libc.a(lib_a-mallocr.o)
 .ARM.attributes
                0x00000733       0x1c c:/program files (x86)/atmel/studio/7.0/toolchain/arm/arm-gnu-toolchain/bin/../lib/gcc/arm-none-eabi/6.3.1/../../../../arm-none-eabi/lib/thumb/v7e-m\libc.a(lib_a-memchr.o)
 .ARM.attributes
                0x0000074f       0x1c c:/program files (x86)/atmel/studio/7.0/toolchain/arm/arm-gnu-toolchain/bin/../lib/gcc/arm-none-eabi/6.3.1/../../../../arm-none-eabi/lib/thumb/v7e-m\libc.a(lib_a-memcpy.o)
 .ARM.attributes
                0x0000076b       0x2e c:/program files (x86)/atmel/studio/7.0/toolchain/arm/arm-gnu-toolchain/bin/../lib/gcc/arm-none-eabi/6.3.1/../../../../arm-none-eabi/lib/thumb/v7e-m\libc.a(lib_a-mlock.o)
 .ARM.attributes
                0x00000799       0x2e c:/program files (x86)/atmel/studio/7.0/toolchain/arm/arm-gnu-toolchain/bin/../lib/gcc/arm-none-eabi/6.3.1/../../../../arm-none-eabi/lib/thumb/v7e-m\libc.a(lib_a-mprec.o)
 .ARM.attributes
                0x000007c7       0x2e c:/program files (x86)/atmel/studio/7.0/toolchain/arm/arm-gnu-toolchain/bin/../lib/gcc/arm-none-eabi/6.3.1/../../../../arm-none-eabi/lib/thumb/v7e-m\libc.a(lib_a-sbrkr.o)
 .ARM.attributes
                0x000007f5       0x1c c:/program files (x86)/atmel/studio/7.0/toolchain/arm/arm-gnu-toolchain/bin/../lib/gcc/arm-none-eabi/6.3.1/../../../../arm-none-eabi/lib/thumb/v7e-m\libc.a(lib_a-strlen.o)
 .ARM.attributes
                0x00000811       0x2e c:/program files (x86)/atmel/studio/7.0/toolchain/arm/arm-gnu-toolchain/bin/../lib/gcc/arm-none-eabi/6.3.1/../../../../arm-none-eabi/lib/thumb/v7e-m\libc.a(lib_a-svfiprintf.o)
 .ARM.attributes
                0x0000083f       0x2e c:/program files (x86)/atmel/studio/7.0/toolchain/arm/arm-gnu-toolchain/bin/../lib/gcc/arm-none-eabi/6.3.1/../../../../arm-none-eabi/lib/thumb/v7e-m\libc.a(lib_a-__atexit.o)
 .ARM.attributes
                0x0000086d       0x2e c:/program files (x86)/atmel/studio/7.0/toolchain/arm/arm-gnu-toolchain/bin/../lib/gcc/arm-none-eabi/6.3.1/../../../../arm-none-eabi/lib/thumb/v7e-m\libc.a(lib_a-callocr.o)
 .ARM.attributes
                0x0000089b       0x2e c:/program files (x86)/atmel/studio/7.0/toolchain/arm/arm-gnu-toolchain/bin/../lib/gcc/arm-none-eabi/6.3.1/../../../../arm-none-eabi/lib/thumb/v7e-m\libc.a(lib_a-freer.o)
 .ARM.attributes
                0x000008c9       0x2e c:/program files (x86)/atmel/studio/7.0/toolchain/arm/arm-gnu-toolchain/bin/../lib/gcc/arm-none-eabi/6.3.1/../../../../arm-none-eabi/lib/thumb/v7e-m\libc.a(lib_a-locale.o)
 .ARM.attributes
                0x000008f7       0x2e c:/program files (x86)/atmel/studio/7.0/toolchain/arm/arm-gnu-toolchain/bin/../lib/gcc/arm-none-eabi/6.3.1/../../../../arm-none-eabi/lib/thumb/v7e-m\libc.a(lib_a-mbtowc_r.o)
 .ARM.attributes
                0x00000925       0x2e c:/program files (x86)/atmel/studio/7.0/toolchain/arm/arm-gnu-toolchain/bin/../lib/gcc/arm-none-eabi/6.3.1/../../../../arm-none-eabi/lib/thumb/v7e-m\libc.a(lib_a-memmove.o)
 .ARM.attributes
                0x00000953       0x2e c:/program files (x86)/atmel/studio/7.0/toolchain/arm/arm-gnu-toolchain/bin/../lib/gcc/arm-none-eabi/6.3.1/../../../../arm-none-eabi/lib/thumb/v7e-m\libc.a(lib_a-reallocr.o)
 .ARM.attributes
                0x00000981       0x2e c:/program files (x86)/atmel/studio/7.0/toolchain/arm/arm-gnu-toolchain/bin/../lib/gcc/arm-none-eabi/6.3.1/../../../../arm-none-eabi/lib/thumb/v7e-m\libc.a(lib_a-reent.o)
 .ARM.attributes
                0x000009af       0x2e c:/program files (x86)/atmel/studio/7.0/toolchain/arm/arm-gnu-toolchain/bin/../lib/gcc/arm-none-eabi/6.3.1/../../../../arm-none-eabi/lib/thumb/v7e-m\libc.a(lib_a-wctomb_r.o)
 .ARM.attributes
                0x000009dd       0x2e c:/program files (x86)/atmel/studio/7.0/toolchain/arm/arm-gnu-toolchain/bin/../lib/gcc/arm-none-eabi/6.3.1/../../../../arm-none-eabi/lib/thumb/v7e-m\libc.a(lib_a-ctype_.o)
 .ARM.attributes
                0x00000a0b       0x1e c:/program files (x86)/atmel/studio/7.0/toolchain/arm/arm-gnu-toolchain/bin/../lib/gcc/arm-none-eabi/6.3.1/thumb/v7e-m\libgcc.a(_arm_cmpdf2.o)
 .ARM.attributes
                0x00000a29       0x1e c:/program files (x86)/atmel/studio/7.0/toolchain/arm/arm-gnu-toolchain/bin/../lib/gcc/arm-none-eabi/6.3.1/thumb/v7e-m\libgcc.a(_arm_unorddf2.o)
 .ARM.attributes
                0x00000a47       0x1e c:/program files (x86)/atmel/studio/7.0/toolchain/arm/arm-gnu-toolchain/bin/../lib/gcc/arm-none-eabi/6.3.1/thumb/v7e-m\libgcc.a(_arm_fixdfsi.o)
 .ARM.attributes
                0x00000a65       0x1e c:/program files (x86)/atmel/studio/7.0/toolchain/arm/arm-gnu-toolchain/bin/../lib/gcc/arm-none-eabi/6.3.1/thumb/v7e-m\libgcc.a(_aeabi_uldivmod.o)
 .ARM.attributes
                0x00000a83       0x2e c:/program files (x86)/atmel/studio/7.0/toolchain/arm/arm-gnu-toolchain/bin/../lib/gcc/arm-none-eabi/6.3.1/thumb/v7e-m\libgcc.a(_udivmoddi4.o)
 .ARM.attributes
                0x00000ab1       0x1e c:/program files (x86)/atmel/studio/7.0/toolchain/arm/arm-gnu-toolchain/bin/../lib/gcc/arm-none-eabi/6.3.1/thumb/v7e-m\libgcc.a(_dvmd_tls.o)
 .ARM.attributes
                0x00000acf       0x1e c:/program files (x86)/atmel/studio/7.0/toolchain/arm/arm-gnu-toolchain/bin/../lib/gcc/arm-none-eabi/6.3.1/thumb/v7e-m/crtn.o

.comment        0x00000000       0x59
 .comment       0x00000000       0x59 src/ASF/sam/drivers/rtc/rtc.o
                                 0x5a (size before relaxing)
 .comment       0x00000059       0x5a src/ASF/sam/drivers/rtt/rtt.o
 .comment       0x00000059       0x5a src/ASF/sam/drivers/spi/spi.o
 .comment       0x00000059       0x5a src/gfx_mono_framebuffer.o
 .comment       0x00000059       0x5a src/gfx_mono_generic.o
 .comment       0x00000059       0x5a src/gfx_mono_text.o
 .comment       0x00000059       0x5a src/gfx_mono_ug_2832hsweg04.o
 .comment       0x00000059       0x5a src/ssd1306.o
 .comment       0x00000059       0x5a src/sysfont.o
 .comment       0x00000059       0x5a src/ASF/common/services/delay/sam/cycle_counter.o
 .comment       0x00000059       0x5a src/ASF/common/services/clock/same70/sysclk.o
 .comment       0x00000059       0x5a src/ASF/common/utils/interrupt/interrupt_sam_nvic.o
 .comment       0x00000059       0x5a src/ASF/sam/boards/same70_xplained/init.o
 .comment       0x00000059       0x5a src/ASF/sam/drivers/pio/pio.o
 .comment       0x00000059       0x5a src/ASF/sam/drivers/pio/pio_handler.o
 .comment       0x00000059       0x5a src/ASF/sam/drivers/pmc/pmc.o
 .comment       0x00000059       0x5a src/ASF/sam/drivers/pmc/sleep.o
 .comment       0x00000059       0x5a src/ASF/sam/utils/cmsis/same70/source/templates/gcc/startup_same70.o
 .comment       0x00000059       0x5a src/ASF/sam/utils/cmsis/same70/source/templates/system_same70.o
 .comment       0x00000059       0x5a src/ASF/sam/utils/syscalls/gcc/syscalls.o
 .comment       0x00000059       0x5a src/main.o

.debug_info     0x00000000    0x19d30
 .debug_info    0x00000000     0x10f7 src/ASF/sam/drivers/rtc/rtc.o
 .debug_info    0x000010f7      0xcd1 src/ASF/sam/drivers/rtt/rtt.o
 .debug_info    0x00001dc8     0x115d src/ASF/sam/drivers/spi/spi.o
 .debug_info    0x00002f25      0xdd2 src/gfx_mono_framebuffer.o
 .debug_info    0x00003cf7     0x157d src/gfx_mono_generic.o
 .debug_info    0x00005274      0xf6a src/gfx_mono_text.o
 .debug_info    0x000061de     0x11a0 src/gfx_mono_ug_2832hsweg04.o
 .debug_info    0x0000737e     0x1fae src/ssd1306.o
 .debug_info    0x0000932c      0xb06 src/sysfont.o
 .debug_info    0x00009e32      0xa45 src/ASF/common/services/delay/sam/cycle_counter.o
 .debug_info    0x0000a877     0x1267 src/ASF/common/services/clock/same70/sysclk.o
 .debug_info    0x0000bade      0xb01 src/ASF/common/utils/interrupt/interrupt_sam_nvic.o
 .debug_info    0x0000c5df     0x1bd7 src/ASF/sam/boards/same70_xplained/init.o
 .debug_info    0x0000e1b6     0x2150 src/ASF/sam/drivers/pio/pio.o
 .debug_info    0x00010306     0x1b22 src/ASF/sam/drivers/pio/pio_handler.o
 .debug_info    0x00011e28     0x1e0e src/ASF/sam/drivers/pmc/pmc.o
 .debug_info    0x00013c36     0x165a src/ASF/sam/drivers/pmc/sleep.o
 .debug_info    0x00015290     0x156a src/ASF/sam/utils/cmsis/same70/source/templates/gcc/startup_same70.o
 .debug_info    0x000167fa      0x55b src/ASF/sam/utils/cmsis/same70/source/templates/system_same70.o
 .debug_info    0x00016d55      0xdb0 src/ASF/sam/utils/syscalls/gcc/syscalls.o
 .debug_info    0x00017b05     0x222b src/main.o

.debug_abbrev   0x00000000     0x3b5c
 .debug_abbrev  0x00000000      0x2e3 src/ASF/sam/drivers/rtc/rtc.o
 .debug_abbrev  0x000002e3      0x256 src/ASF/sam/drivers/rtt/rtt.o
 .debug_abbrev  0x00000539      0x3a5 src/ASF/sam/drivers/spi/spi.o
 .debug_abbrev  0x000008de      0x284 src/gfx_mono_framebuffer.o
 .debug_abbrev  0x00000b62      0x2a2 src/gfx_mono_generic.o
 .debug_abbrev  0x00000e04      0x30a src/gfx_mono_text.o
 .debug_abbrev  0x0000110e      0x34b src/gfx_mono_ug_2832hsweg04.o
 .debug_abbrev  0x00001459      0x35e src/ssd1306.o
 .debug_abbrev  0x000017b7      0x1b6 src/sysfont.o
 .debug_abbrev  0x0000196d      0x1b3 src/ASF/common/services/delay/sam/cycle_counter.o
 .debug_abbrev  0x00001b20      0x31f src/ASF/common/services/clock/same70/sysclk.o
 .debug_abbrev  0x00001e3f      0x212 src/ASF/common/utils/interrupt/interrupt_sam_nvic.o
 .debug_abbrev  0x00002051      0x368 src/ASF/sam/boards/same70_xplained/init.o
 .debug_abbrev  0x000023b9      0x410 src/ASF/sam/drivers/pio/pio.o
 .debug_abbrev  0x000027c9      0x32f src/ASF/sam/drivers/pio/pio_handler.o
 .debug_abbrev  0x00002af8      0x369 src/ASF/sam/drivers/pmc/pmc.o
 .debug_abbrev  0x00002e61      0x32b src/ASF/sam/drivers/pmc/sleep.o
 .debug_abbrev  0x0000318c      0x2e4 src/ASF/sam/utils/cmsis/same70/source/templates/gcc/startup_same70.o
 .debug_abbrev  0x00003470      0x102 src/ASF/sam/utils/cmsis/same70/source/templates/system_same70.o
 .debug_abbrev  0x00003572      0x264 src/ASF/sam/utils/syscalls/gcc/syscalls.o
 .debug_abbrev  0x000037d6      0x386 src/main.o

.debug_loc      0x00000000     0x5ff4
 .debug_loc     0x00000000      0x8d0 src/ASF/sam/drivers/rtc/rtc.o
 .debug_loc     0x000008d0      0x1c7 src/ASF/sam/drivers/rtt/rtt.o
 .debug_loc     0x00000a97      0x610 src/ASF/sam/drivers/spi/spi.o
 .debug_loc     0x000010a7      0x506 src/gfx_mono_framebuffer.o
 .debug_loc     0x000015ad      0xda8 src/gfx_mono_generic.o
 .debug_loc     0x00002355      0x66a src/gfx_mono_text.o
 .debug_loc     0x000029bf      0x6ee src/gfx_mono_ug_2832hsweg04.o
 .debug_loc     0x000030ad      0x365 src/ssd1306.o
 .debug_loc     0x00003412      0x183 src/ASF/common/services/clock/same70/sysclk.o
 .debug_loc     0x00003595      0x1e7 src/ASF/sam/boards/same70_xplained/init.o
 .debug_loc     0x0000377c      0xea4 src/ASF/sam/drivers/pio/pio.o
 .debug_loc     0x00004620      0x588 src/ASF/sam/drivers/pio/pio_handler.o
 .debug_loc     0x00004ba8      0xce3 src/ASF/sam/drivers/pmc/pmc.o
 .debug_loc     0x0000588b      0x389 src/ASF/sam/drivers/pmc/sleep.o
 .debug_loc     0x00005c14       0x77 src/ASF/sam/utils/cmsis/same70/source/templates/gcc/startup_same70.o
 .debug_loc     0x00005c8b       0xfd src/ASF/sam/utils/syscalls/gcc/syscalls.o
 .debug_loc     0x00005d88      0x26c src/main.o

.debug_aranges  0x00000000      0x980
 .debug_aranges
                0x00000000       0xb8 src/ASF/sam/drivers/rtc/rtc.o
 .debug_aranges
                0x000000b8       0x60 src/ASF/sam/drivers/rtt/rtt.o
 .debug_aranges
                0x00000118       0x90 src/ASF/sam/drivers/spi/spi.o
 .debug_aranges
                0x000001a8       0x58 src/gfx_mono_framebuffer.o
 .debug_aranges
                0x00000200       0x58 src/gfx_mono_generic.o
 .debug_aranges
                0x00000258       0x40 src/gfx_mono_text.o
 .debug_aranges
                0x00000298       0x60 src/gfx_mono_ug_2832hsweg04.o
 .debug_aranges
                0x000002f8       0x30 src/ssd1306.o
 .debug_aranges
                0x00000328       0x18 src/sysfont.o
 .debug_aranges
                0x00000340       0x20 src/ASF/common/services/delay/sam/cycle_counter.o
 .debug_aranges
                0x00000360       0x40 src/ASF/common/services/clock/same70/sysclk.o
 .debug_aranges
                0x000003a0       0x28 src/ASF/common/utils/interrupt/interrupt_sam_nvic.o
 .debug_aranges
                0x000003c8       0x20 src/ASF/sam/boards/same70_xplained/init.o
 .debug_aranges
                0x000003e8      0x1a8 src/ASF/sam/drivers/pio/pio.o
 .debug_aranges
                0x00000590       0x60 src/ASF/sam/drivers/pio/pio_handler.o
 .debug_aranges
                0x000005f0      0x250 src/ASF/sam/drivers/pmc/pmc.o
 .debug_aranges
                0x00000840       0x30 src/ASF/sam/drivers/pmc/sleep.o
 .debug_aranges
                0x00000870       0x28 src/ASF/sam/utils/cmsis/same70/source/templates/gcc/startup_same70.o
 .debug_aranges
                0x00000898       0x30 src/ASF/sam/utils/cmsis/same70/source/templates/system_same70.o
 .debug_aranges
                0x000008c8       0x60 src/ASF/sam/utils/syscalls/gcc/syscalls.o
 .debug_aranges
                0x00000928       0x58 src/main.o

.debug_ranges   0x00000000      0x9c0
 .debug_ranges  0x00000000       0xa8 src/ASF/sam/drivers/rtc/rtc.o
 .debug_ranges  0x000000a8       0x50 src/ASF/sam/drivers/rtt/rtt.o
 .debug_ranges  0x000000f8       0x80 src/ASF/sam/drivers/spi/spi.o
 .debug_ranges  0x00000178       0x48 src/gfx_mono_framebuffer.o
 .debug_ranges  0x000001c0       0x48 src/gfx_mono_generic.o
 .debug_ranges  0x00000208       0x48 src/gfx_mono_text.o
 .debug_ranges  0x00000250       0x80 src/gfx_mono_ug_2832hsweg04.o
 .debug_ranges  0x000002d0       0x20 src/ssd1306.o
 .debug_ranges  0x000002f0       0x10 src/ASF/common/services/delay/sam/cycle_counter.o
 .debug_ranges  0x00000300       0x30 src/ASF/common/services/clock/same70/sysclk.o
 .debug_ranges  0x00000330       0x18 src/ASF/common/utils/interrupt/interrupt_sam_nvic.o
 .debug_ranges  0x00000348       0x10 src/ASF/sam/boards/same70_xplained/init.o
 .debug_ranges  0x00000358      0x2a0 src/ASF/sam/drivers/pio/pio.o
 .debug_ranges  0x000005f8       0x68 src/ASF/sam/drivers/pio/pio_handler.o
 .debug_ranges  0x00000660      0x240 src/ASF/sam/drivers/pmc/pmc.o
 .debug_ranges  0x000008a0       0x50 src/ASF/sam/drivers/pmc/sleep.o
 .debug_ranges  0x000008f0       0x18 src/ASF/sam/utils/cmsis/same70/source/templates/gcc/startup_same70.o
 .debug_ranges  0x00000908       0x20 src/ASF/sam/utils/cmsis/same70/source/templates/system_same70.o
 .debug_ranges  0x00000928       0x50 src/ASF/sam/utils/syscalls/gcc/syscalls.o
 .debug_ranges  0x00000978       0x48 src/main.o

.debug_macro    0x00000000    0x21e9e
 .debug_macro   0x00000000      0x678 src/ASF/sam/drivers/rtc/rtc.o
 .debug_macro   0x00000678      0x8ce src/ASF/sam/drivers/rtc/rtc.o
 .debug_macro   0x00000f46      0x16d src/ASF/sam/drivers/rtc/rtc.o
 .debug_macro   0x000010b3      0x64b src/ASF/sam/drivers/rtc/rtc.o
 .debug_macro   0x000016fe       0x76 src/ASF/sam/drivers/rtc/rtc.o
 .debug_macro   0x00001774       0x16 src/ASF/sam/drivers/rtc/rtc.o
 .debug_macro   0x0000178a      0x6e4 src/ASF/sam/drivers/rtc/rtc.o
 .debug_macro   0x00001e6e       0x22 src/ASF/sam/drivers/rtc/rtc.o
 .debug_macro   0x00001e90       0x87 src/ASF/sam/drivers/rtc/rtc.o
 .debug_macro   0x00001f17       0x51 src/ASF/sam/drivers/rtc/rtc.o
 .debug_macro   0x00001f68       0xef src/ASF/sam/drivers/rtc/rtc.o
 .debug_macro   0x00002057       0x6a src/ASF/sam/drivers/rtc/rtc.o
 .debug_macro   0x000020c1      0x1df src/ASF/sam/drivers/rtc/rtc.o
 .debug_macro   0x000022a0       0x4a src/ASF/sam/drivers/rtc/rtc.o
 .debug_macro   0x000022ea       0x3b src/ASF/sam/drivers/rtc/rtc.o
 .debug_macro   0x00002325       0x2d src/ASF/sam/drivers/rtc/rtc.o
 .debug_macro   0x00002352       0x26 src/ASF/sam/drivers/rtc/rtc.o
 .debug_macro   0x00002378      0xf9a src/ASF/sam/drivers/rtc/rtc.o
 .debug_macro   0x00003312      0x175 src/ASF/sam/drivers/rtc/rtc.o
 .debug_macro   0x00003487      0x257 src/ASF/sam/drivers/rtc/rtc.o
 .debug_macro   0x000036de      0xa0f src/ASF/sam/drivers/rtc/rtc.o
 .debug_macro   0x000040ed      0x1b9 src/ASF/sam/drivers/rtc/rtc.o
 .debug_macro   0x000042a6      0x336 src/ASF/sam/drivers/rtc/rtc.o
 .debug_macro   0x000045dc      0x15b src/ASF/sam/drivers/rtc/rtc.o
 .debug_macro   0x00004737     0x1851 src/ASF/sam/drivers/rtc/rtc.o
 .debug_macro   0x00005f88       0x1c src/ASF/sam/drivers/rtc/rtc.o
 .debug_macro   0x00005fa4      0x68d src/ASF/sam/drivers/rtc/rtc.o
 .debug_macro   0x00006631      0x31e src/ASF/sam/drivers/rtc/rtc.o
 .debug_macro   0x0000694f      0x4d4 src/ASF/sam/drivers/rtc/rtc.o
 .debug_macro   0x00006e23      0x56e src/ASF/sam/drivers/rtc/rtc.o
 .debug_macro   0x00007391     0x1332 src/ASF/sam/drivers/rtc/rtc.o
 .debug_macro   0x000086c3     0x278d src/ASF/sam/drivers/rtc/rtc.o
 .debug_macro   0x0000ae50     0x102b src/ASF/sam/drivers/rtc/rtc.o
 .debug_macro   0x0000be7b      0xe01 src/ASF/sam/drivers/rtc/rtc.o
 .debug_macro   0x0000cc7c      0x3b1 src/ASF/sam/drivers/rtc/rtc.o
 .debug_macro   0x0000d02d       0xa0 src/ASF/sam/drivers/rtc/rtc.o
 .debug_macro   0x0000d0cd       0x76 src/ASF/sam/drivers/rtc/rtc.o
 .debug_macro   0x0000d143      0x409 src/ASF/sam/drivers/rtc/rtc.o
 .debug_macro   0x0000d54c       0x64 src/ASF/sam/drivers/rtc/rtc.o
 .debug_macro   0x0000d5b0      0x284 src/ASF/sam/drivers/rtc/rtc.o
 .debug_macro   0x0000d834      0x1d0 src/ASF/sam/drivers/rtc/rtc.o
 .debug_macro   0x0000da04      0x248 src/ASF/sam/drivers/rtc/rtc.o
 .debug_macro   0x0000dc4c      0x524 src/ASF/sam/drivers/rtc/rtc.o
 .debug_macro   0x0000e170      0x63b src/ASF/sam/drivers/rtc/rtc.o
 .debug_macro   0x0000e7ab      0x6b8 src/ASF/sam/drivers/rtc/rtc.o
 .debug_macro   0x0000ee63       0x4c src/ASF/sam/drivers/rtc/rtc.o
 .debug_macro   0x0000eeaf      0x468 src/ASF/sam/drivers/rtc/rtc.o
 .debug_macro   0x0000f317      0x207 src/ASF/sam/drivers/rtc/rtc.o
 .debug_macro   0x0000f51e      0x866 src/ASF/sam/drivers/rtc/rtc.o
 .debug_macro   0x0000fd84     0x1547 src/ASF/sam/drivers/rtc/rtc.o
 .debug_macro   0x000112cb       0x40 src/ASF/sam/drivers/rtc/rtc.o
 .debug_macro   0x0001130b       0x76 src/ASF/sam/drivers/rtc/rtc.o
 .debug_macro   0x00011381      0xdaf src/ASF/sam/drivers/rtc/rtc.o
 .debug_macro   0x00012130       0x82 src/ASF/sam/drivers/rtc/rtc.o
 .debug_macro   0x000121b2       0x76 src/ASF/sam/drivers/rtc/rtc.o
 .debug_macro   0x00012228       0x4c src/ASF/sam/drivers/rtc/rtc.o
 .debug_macro   0x00012274      0x135 src/ASF/sam/drivers/rtc/rtc.o
 .debug_macro   0x000123a9      0x135 src/ASF/sam/drivers/rtc/rtc.o
 .debug_macro   0x000124de      0x135 src/ASF/sam/drivers/rtc/rtc.o
 .debug_macro   0x00012613       0x6a src/ASF/sam/drivers/rtc/rtc.o
 .debug_macro   0x0001267d       0x6a src/ASF/sam/drivers/rtc/rtc.o
 .debug_macro   0x000126e7      0x313 src/ASF/sam/drivers/rtc/rtc.o
 .debug_macro   0x000129fa       0xb2 src/ASF/sam/drivers/rtc/rtc.o
 .debug_macro   0x00012aac       0xb2 src/ASF/sam/drivers/rtc/rtc.o
 .debug_macro   0x00012b5e       0xb2 src/ASF/sam/drivers/rtc/rtc.o
 .debug_macro   0x00012c10      0x11d src/ASF/sam/drivers/rtc/rtc.o
 .debug_macro   0x00012d2d      0x11d src/ASF/sam/drivers/rtc/rtc.o
 .debug_macro   0x00012e4a      0x2cd src/ASF/sam/drivers/rtc/rtc.o
 .debug_macro   0x00013117       0xb8 src/ASF/sam/drivers/rtc/rtc.o
 .debug_macro   0x000131cf       0x5e src/ASF/sam/drivers/rtc/rtc.o
 .debug_macro   0x0001322d       0x40 src/ASF/sam/drivers/rtc/rtc.o
 .debug_macro   0x0001326d       0x4c src/ASF/sam/drivers/rtc/rtc.o
 .debug_macro   0x000132b9       0xa0 src/ASF/sam/drivers/rtc/rtc.o
 .debug_macro   0x00013359      0x494 src/ASF/sam/drivers/rtc/rtc.o
 .debug_macro   0x000137ed      0x135 src/ASF/sam/drivers/rtc/rtc.o
 .debug_macro   0x00013922       0x4c src/ASF/sam/drivers/rtc/rtc.o
 .debug_macro   0x0001396e      0x313 src/ASF/sam/drivers/rtc/rtc.o
 .debug_macro   0x00013c81       0x6a src/ASF/sam/drivers/rtc/rtc.o
 .debug_macro   0x00013ceb       0xb8 src/ASF/sam/drivers/rtc/rtc.o
 .debug_macro   0x00013da3       0x6a src/ASF/sam/drivers/rtc/rtc.o
 .debug_macro   0x00013e0d       0x2e src/ASF/sam/drivers/rtc/rtc.o
 .debug_macro   0x00013e3b      0x9b1 src/ASF/sam/drivers/rtc/rtc.o
 .debug_macro   0x000147ec       0x6a src/ASF/sam/drivers/rtc/rtc.o
 .debug_macro   0x00014856       0x88 src/ASF/sam/drivers/rtc/rtc.o
 .debug_macro   0x000148de       0x58 src/ASF/sam/drivers/rtc/rtc.o
 .debug_macro   0x00014936       0xe2 src/ASF/sam/drivers/rtc/rtc.o
 .debug_macro   0x00014a18       0x16 src/ASF/sam/drivers/rtc/rtc.o
 .debug_macro   0x00014a2e       0xe2 src/ASF/sam/drivers/rtc/rtc.o
 .debug_macro   0x00014b10       0x4c src/ASF/sam/drivers/rtc/rtc.o
 .debug_macro   0x00014b5c       0x16 src/ASF/sam/drivers/rtc/rtc.o
 .debug_macro   0x00014b72       0x4c src/ASF/sam/drivers/rtc/rtc.o
 .debug_macro   0x00014bbe       0x2e src/ASF/sam/drivers/rtc/rtc.o
 .debug_macro   0x00014bec      0x1b5 src/ASF/sam/drivers/rtc/rtc.o
 .debug_macro   0x00014da1      0x1b5 src/ASF/sam/drivers/rtc/rtc.o
 .debug_macro   0x00014f56      0x1b5 src/ASF/sam/drivers/rtc/rtc.o
 .debug_macro   0x0001510b      0x1b5 src/ASF/sam/drivers/rtc/rtc.o
 .debug_macro   0x000152c0      0x1b5 src/ASF/sam/drivers/rtc/rtc.o
 .debug_macro   0x00015475       0x1c src/ASF/sam/drivers/rtc/rtc.o
 .debug_macro   0x00015491       0x2e src/ASF/sam/drivers/rtc/rtc.o
 .debug_macro   0x000154bf       0x22 src/ASF/sam/drivers/rtc/rtc.o
 .debug_macro   0x000154e1       0x1c src/ASF/sam/drivers/rtc/rtc.o
 .debug_macro   0x000154fd       0x52 src/ASF/sam/drivers/rtc/rtc.o
 .debug_macro   0x0001554f       0x10 src/ASF/sam/drivers/rtc/rtc.o
 .debug_macro   0x0001555f       0x1c src/ASF/sam/drivers/rtc/rtc.o
 .debug_macro   0x0001557b       0x4c src/ASF/sam/drivers/rtc/rtc.o
 .debug_macro   0x000155c7       0x4c src/ASF/sam/drivers/rtc/rtc.o
 .debug_macro   0x00015613       0x4c src/ASF/sam/drivers/rtc/rtc.o
 .debug_macro   0x0001565f      0x31b src/ASF/sam/drivers/rtc/rtc.o
 .debug_macro   0x0001597a     0x1022 src/ASF/sam/drivers/rtc/rtc.o
 .debug_macro   0x0001699c      0x107 src/ASF/sam/drivers/rtc/rtc.o
 .debug_macro   0x00016aa3       0x58 src/ASF/sam/drivers/rtc/rtc.o
 .debug_macro   0x00016afb       0x35 src/ASF/sam/drivers/rtc/rtc.o
 .debug_macro   0x00016b30       0x9c src/ASF/sam/drivers/rtc/rtc.o
 .debug_macro   0x00016bcc       0x16 src/ASF/sam/drivers/rtc/rtc.o
 .debug_macro   0x00016be2       0x35 src/ASF/sam/drivers/rtc/rtc.o
 .debug_macro   0x00016c17      0x353 src/ASF/sam/drivers/rtc/rtc.o
 .debug_macro   0x00016f6a       0x10 src/ASF/sam/drivers/rtc/rtc.o
 .debug_macro   0x00016f7a       0x58 src/ASF/sam/drivers/rtc/rtc.o
 .debug_macro   0x00016fd2       0x1f src/ASF/sam/drivers/rtc/rtc.o
 .debug_macro   0x00016ff1       0x43 src/ASF/sam/drivers/rtc/rtc.o
 .debug_macro   0x00017034       0x20 src/ASF/sam/drivers/rtc/rtc.o
 .debug_macro   0x00017054      0x187 src/ASF/sam/drivers/rtc/rtc.o
 .debug_macro   0x000171db       0x10 src/ASF/sam/drivers/rtc/rtc.o
 .debug_macro   0x000171eb       0x1c src/ASF/sam/drivers/rtc/rtc.o
 .debug_macro   0x00017207       0x52 src/ASF/sam/drivers/rtc/rtc.o
 .debug_macro   0x00017259       0x40 src/ASF/sam/drivers/rtc/rtc.o
 .debug_macro   0x00017299       0x10 src/ASF/sam/drivers/rtc/rtc.o
 .debug_macro   0x000172a9       0x40 src/ASF/sam/drivers/rtc/rtc.o
 .debug_macro   0x000172e9       0xd7 src/ASF/sam/drivers/rtc/rtc.o
 .debug_macro   0x000173c0       0x16 src/ASF/sam/drivers/rtc/rtc.o
 .debug_macro   0x000173d6      0x18b src/ASF/sam/drivers/rtc/rtc.o
 .debug_macro   0x00017561       0x22 src/ASF/sam/drivers/rtc/rtc.o
 .debug_macro   0x00017583       0x16 src/ASF/sam/drivers/rtc/rtc.o
 .debug_macro   0x00017599       0x16 src/ASF/sam/drivers/rtc/rtc.o
 .debug_macro   0x000175af       0x29 src/ASF/sam/drivers/rtc/rtc.o
 .debug_macro   0x000175d8       0x75 src/ASF/sam/drivers/rtc/rtc.o
 .debug_macro   0x0001764d       0x3f src/ASF/sam/drivers/rtc/rtc.o
 .debug_macro   0x0001768c      0x3ca src/ASF/sam/drivers/rtc/rtc.o
 .debug_macro   0x00017a56      0x660 src/ASF/sam/drivers/rtt/rtt.o
 .debug_macro   0x000180b6      0x6d9 src/ASF/sam/drivers/spi/spi.o
 .debug_macro   0x0001878f       0x10 src/ASF/sam/drivers/spi/spi.o
 .debug_macro   0x0001879f       0x3a src/ASF/sam/drivers/spi/spi.o
 .debug_macro   0x000187d9      0x2c6 src/ASF/sam/drivers/spi/spi.o
 .debug_macro   0x00018a9f      0xa96 src/ASF/sam/drivers/spi/spi.o
 .debug_macro   0x00019535       0x70 src/ASF/sam/drivers/spi/spi.o
 .debug_macro   0x000195a5       0x64 src/ASF/sam/drivers/spi/spi.o
 .debug_macro   0x00019609       0x5f src/ASF/sam/drivers/spi/spi.o
 .debug_macro   0x00019668       0xac src/ASF/sam/drivers/spi/spi.o
 .debug_macro   0x00019714      0x7db src/gfx_mono_framebuffer.o
 .debug_macro   0x00019eef       0x50 src/gfx_mono_framebuffer.o
 .debug_macro   0x00019f3f       0x22 src/gfx_mono_framebuffer.o
 .debug_macro   0x00019f61       0x7b src/gfx_mono_framebuffer.o
 .debug_macro   0x00019fdc       0x28 src/gfx_mono_framebuffer.o
 .debug_macro   0x0001a004       0x23 src/gfx_mono_framebuffer.o
 .debug_macro   0x0001a027       0x94 src/gfx_mono_framebuffer.o
 .debug_macro   0x0001a0bb       0x40 src/gfx_mono_framebuffer.o
 .debug_macro   0x0001a0fb       0x88 src/gfx_mono_framebuffer.o
 .debug_macro   0x0001a183      0x1ce src/gfx_mono_framebuffer.o
 .debug_macro   0x0001a351       0x34 src/gfx_mono_framebuffer.o
 .debug_macro   0x0001a385       0x16 src/gfx_mono_framebuffer.o
 .debug_macro   0x0001a39b       0x1c src/gfx_mono_framebuffer.o
 .debug_macro   0x0001a3b7       0x16 src/gfx_mono_framebuffer.o
 .debug_macro   0x0001a3cd       0x28 src/gfx_mono_framebuffer.o
 .debug_macro   0x0001a3f5       0xd1 src/gfx_mono_framebuffer.o
 .debug_macro   0x0001a4c6       0x8b src/gfx_mono_framebuffer.o
 .debug_macro   0x0001a551      0x7db src/gfx_mono_generic.o
 .debug_macro   0x0001ad2c      0x7f4 src/gfx_mono_text.o
 .debug_macro   0x0001b520       0x52 src/gfx_mono_text.o
 .debug_macro   0x0001b572       0x8d src/gfx_mono_text.o
 .debug_macro   0x0001b5ff       0x16 src/gfx_mono_text.o
 .debug_macro   0x0001b615       0x57 src/gfx_mono_text.o
 .debug_macro   0x0001b66c       0x1c src/gfx_mono_text.o
 .debug_macro   0x0001b688      0x7df src/gfx_mono_ug_2832hsweg04.o
 .debug_macro   0x0001be67       0x28 src/gfx_mono_ug_2832hsweg04.o
 .debug_macro   0x0001be8f      0x7b5 src/ssd1306.o
 .debug_macro   0x0001c644      0x69c src/sysfont.o
 .debug_macro   0x0001cce0       0x3a src/sysfont.o
 .debug_macro   0x0001cd1a      0x665 src/ASF/common/services/delay/sam/cycle_counter.o
 .debug_macro   0x0001d37f       0x22 src/ASF/common/services/delay/sam/cycle_counter.o
 .debug_macro   0x0001d3a1      0x6d1 src/ASF/common/services/clock/same70/sysclk.o
 .debug_macro   0x0001da72      0x2c0 src/ASF/common/services/clock/same70/sysclk.o
 .debug_macro   0x0001dd32      0x655 src/ASF/common/utils/interrupt/interrupt_sam_nvic.o
 .debug_macro   0x0001e387      0x70b src/ASF/sam/boards/same70_xplained/init.o
 .debug_macro   0x0001ea92       0x82 src/ASF/sam/boards/same70_xplained/init.o
 .debug_macro   0x0001eb14      0x66b src/ASF/sam/drivers/pio/pio.o
 .debug_macro   0x0001f17f       0x8e src/ASF/sam/drivers/pio/pio.o
 .debug_macro   0x0001f20d      0x676 src/ASF/sam/drivers/pio/pio_handler.o
 .debug_macro   0x0001f883      0x66b src/ASF/sam/drivers/pmc/pmc.o
 .debug_macro   0x0001feee       0x6a src/ASF/sam/drivers/pmc/pmc.o
 .debug_macro   0x0001ff58      0x684 src/ASF/sam/drivers/pmc/sleep.o
 .debug_macro   0x000205dc      0x664 src/ASF/sam/utils/cmsis/same70/source/templates/gcc/startup_same70.o
 .debug_macro   0x00020c40       0x10 src/ASF/sam/utils/cmsis/same70/source/templates/gcc/startup_same70.o
 .debug_macro   0x00020c50      0x455 src/ASF/sam/utils/cmsis/same70/source/templates/system_same70.o
 .debug_macro   0x000210a5      0x1d6 src/ASF/sam/utils/syscalls/gcc/syscalls.o
 .debug_macro   0x0002127b       0x97 src/ASF/sam/utils/syscalls/gcc/syscalls.o
 .debug_macro   0x00021312       0xf6 src/ASF/sam/utils/syscalls/gcc/syscalls.o
 .debug_macro   0x00021408       0x4c src/ASF/sam/utils/syscalls/gcc/syscalls.o
 .debug_macro   0x00021454       0x16 src/ASF/sam/utils/syscalls/gcc/syscalls.o
 .debug_macro   0x0002146a       0x10 src/ASF/sam/utils/syscalls/gcc/syscalls.o
 .debug_macro   0x0002147a       0x10 src/ASF/sam/utils/syscalls/gcc/syscalls.o
 .debug_macro   0x0002148a       0x35 src/ASF/sam/utils/syscalls/gcc/syscalls.o
 .debug_macro   0x000214bf      0x122 src/ASF/sam/utils/syscalls/gcc/syscalls.o
 .debug_macro   0x000215e1      0x8bd src/main.o

.debug_line     0x00000000     0xfb49
 .debug_line    0x00000000      0xbe4 src/ASF/sam/drivers/rtc/rtc.o
 .debug_line    0x00000be4      0xa72 src/ASF/sam/drivers/rtt/rtt.o
 .debug_line    0x00001656      0xc41 src/ASF/sam/drivers/spi/spi.o
 .debug_line    0x00002297      0xe59 src/gfx_mono_framebuffer.o
 .debug_line    0x000030f0      0xf0d src/gfx_mono_generic.o
 .debug_line    0x00003ffd      0xe67 src/gfx_mono_text.o
 .debug_line    0x00004e64      0xee1 src/gfx_mono_ug_2832hsweg04.o
 .debug_line    0x00005d45      0xe36 src/ssd1306.o
 .debug_line    0x00006b7b      0xa16 src/sysfont.o
 .debug_line    0x00007591      0x9ed src/ASF/common/services/delay/sam/cycle_counter.o
 .debug_line    0x00007f7e      0xb4f src/ASF/common/services/clock/same70/sysclk.o
 .debug_line    0x00008acd      0xa01 src/ASF/common/utils/interrupt/interrupt_sam_nvic.o
 .debug_line    0x000094ce      0xc04 src/ASF/sam/boards/same70_xplained/init.o
 .debug_line    0x0000a0d2      0xee3 src/ASF/sam/drivers/pio/pio.o
 .debug_line    0x0000afb5      0xabf src/ASF/sam/drivers/pio/pio_handler.o
 .debug_line    0x0000ba74     0x106b src/ASF/sam/drivers/pmc/pmc.o
 .debug_line    0x0000cadf      0xb4c src/ASF/sam/drivers/pmc/sleep.o
 .debug_line    0x0000d62b      0xa73 src/ASF/sam/utils/cmsis/same70/source/templates/gcc/startup_same70.o
 .debug_line    0x0000e09e      0x7e9 src/ASF/sam/utils/cmsis/same70/source/templates/system_same70.o
 .debug_line    0x0000e887      0x40b src/ASF/sam/utils/syscalls/gcc/syscalls.o
 .debug_line    0x0000ec92      0xeb7 src/main.o

.debug_str      0x00000000    0x90553
 .debug_str     0x00000000    0x81b75 src/ASF/sam/drivers/rtc/rtc.o
                              0x82234 (size before relaxing)
 .debug_str     0x00081b75      0x132 src/ASF/sam/drivers/rtt/rtt.o
                              0x81ff7 (size before relaxing)
 .debug_str     0x00081ca7     0x4607 src/ASF/sam/drivers/spi/spi.o
                              0x8650c (size before relaxing)
 .debug_str     0x000862ae     0x2ab9 src/gfx_mono_framebuffer.o
                              0x88bf4 (size before relaxing)
 .debug_str     0x00088d67      0x257 src/gfx_mono_generic.o
                              0x88d38 (size before relaxing)
 .debug_str     0x00088fbe      0x261 src/gfx_mono_text.o
                              0x88d13 (size before relaxing)
 .debug_str     0x0008921f      0x117 src/gfx_mono_ug_2832hsweg04.o
                              0x88cd4 (size before relaxing)
 .debug_str     0x00089336      0x60d src/ssd1306.o
                              0x8890c (size before relaxing)
 .debug_str     0x00089943     0x3edc src/sysfont.o
                              0x86139 (size before relaxing)
 .debug_str     0x0008d81f       0x35 src/ASF/common/services/delay/sam/cycle_counter.o
                              0x82072 (size before relaxing)
 .debug_str     0x0008d854      0x3f1 src/ASF/common/services/clock/same70/sysclk.o
                              0x86590 (size before relaxing)
 .debug_str     0x0008dc45       0x94 src/ASF/common/utils/interrupt/interrupt_sam_nvic.o
                              0x81f42 (size before relaxing)
 .debug_str     0x0008dcd9      0x4f4 src/ASF/sam/boards/same70_xplained/init.o
                              0x87080 (size before relaxing)
 .debug_str     0x0008e1cd      0x573 src/ASF/sam/drivers/pio/pio.o
                              0x82a98 (size before relaxing)
 .debug_str     0x0008e740      0x437 src/ASF/sam/drivers/pio/pio_handler.o
                              0x82bba (size before relaxing)
 .debug_str     0x0008eb77      0x68e src/ASF/sam/drivers/pmc/pmc.o
                              0x82bfc (size before relaxing)
 .debug_str     0x0008f205      0x16e src/ASF/sam/drivers/pmc/sleep.o
                              0x85ebb (size before relaxing)
 .debug_str     0x0008f373      0x64c src/ASF/sam/utils/cmsis/same70/source/templates/gcc/startup_same70.o
                              0x8270f (size before relaxing)
 .debug_str     0x0008f9bf      0x137 src/ASF/sam/utils/cmsis/same70/source/templates/system_same70.o
                              0x7281b (size before relaxing)
 .debug_str     0x0008faf6      0x779 src/ASF/sam/utils/syscalls/gcc/syscalls.o
                               0x744c (size before relaxing)
 .debug_str     0x0009026f      0x2e4 src/main.o
                              0x8d57e (size before relaxing)

.debug_frame    0x00000000     0x20bc
 .debug_frame   0x00000000      0x1b0 src/ASF/sam/drivers/rtc/rtc.o
 .debug_frame   0x000001b0       0xac src/ASF/sam/drivers/rtt/rtt.o
 .debug_frame   0x0000025c      0x140 src/ASF/sam/drivers/spi/spi.o
 .debug_frame   0x0000039c       0xdc src/gfx_mono_framebuffer.o
 .debug_frame   0x00000478      0x168 src/gfx_mono_generic.o
 .debug_frame   0x000005e0       0xc8 src/gfx_mono_text.o
 .debug_frame   0x000006a8      0x124 src/gfx_mono_ug_2832hsweg04.o
 .debug_frame   0x000007cc       0x6c src/ssd1306.o
 .debug_frame   0x00000838       0x20 src/ASF/common/services/delay/sam/cycle_counter.o
 .debug_frame   0x00000858       0x88 src/ASF/common/services/clock/same70/sysclk.o
 .debug_frame   0x000008e0       0x30 src/ASF/common/utils/interrupt/interrupt_sam_nvic.o
 .debug_frame   0x00000910       0x30 src/ASF/sam/boards/same70_xplained/init.o
 .debug_frame   0x00000940      0x390 src/ASF/sam/drivers/pio/pio.o
 .debug_frame   0x00000cd0      0x110 src/ASF/sam/drivers/pio/pio_handler.o
 .debug_frame   0x00000de0      0x494 src/ASF/sam/drivers/pmc/pmc.o
 .debug_frame   0x00001274       0x5c src/ASF/sam/drivers/pmc/sleep.o
 .debug_frame   0x000012d0       0x38 src/ASF/sam/utils/cmsis/same70/source/templates/gcc/startup_same70.o
 .debug_frame   0x00001308       0x40 src/ASF/sam/utils/cmsis/same70/source/templates/system_same70.o
 .debug_frame   0x00001348       0xa0 src/ASF/sam/utils/syscalls/gcc/syscalls.o
 .debug_frame   0x000013e8       0xe8 src/main.o
 .debug_frame   0x000014d0       0xac c:/program files (x86)/atmel/studio/7.0/toolchain/arm/arm-gnu-toolchain/bin/../lib/gcc/arm-none-eabi/6.3.1/thumb/v7e-m\libgcc.a(_arm_addsubdf3.o)
 .debug_frame   0x0000157c       0x50 c:/program files (x86)/atmel/studio/7.0/toolchain/arm/arm-gnu-toolchain/bin/../lib/gcc/arm-none-eabi/6.3.1/thumb/v7e-m\libgcc.a(_arm_muldivdf3.o)
 .debug_frame   0x000015cc       0x2c c:/program files (x86)/atmel/studio/7.0/toolchain/arm/arm-gnu-toolchain/bin/../lib/gcc/arm-none-eabi/6.3.1/../../../../arm-none-eabi/lib/thumb/v7e-m\libc.a(lib_a-init.o)
 .debug_frame   0x000015f8       0x34 c:/program files (x86)/atmel/studio/7.0/toolchain/arm/arm-gnu-toolchain/bin/../lib/gcc/arm-none-eabi/6.3.1/../../../../arm-none-eabi/lib/thumb/v7e-m\libc.a(lib_a-memset.o)
 .debug_frame   0x0000162c       0x84 c:/program files (x86)/atmel/studio/7.0/toolchain/arm/arm-gnu-toolchain/bin/../lib/gcc/arm-none-eabi/6.3.1/../../../../arm-none-eabi/lib/thumb/v7e-m\libc.a(lib_a-sprintf.o)
 .debug_frame   0x000016b0       0x40 c:/program files (x86)/atmel/studio/7.0/toolchain/arm/arm-gnu-toolchain/bin/../lib/gcc/arm-none-eabi/6.3.1/../../../../arm-none-eabi/lib/thumb/v7e-m\libc.a(lib_a-svfprintf.o)
 .debug_frame   0x000016f0       0x5c c:/program files (x86)/atmel/studio/7.0/toolchain/arm/arm-gnu-toolchain/bin/../lib/gcc/arm-none-eabi/6.3.1/../../../../arm-none-eabi/lib/thumb/v7e-m\libc.a(lib_a-__call_atexit.o)
 .debug_frame   0x0000174c       0x20 c:/program files (x86)/atmel/studio/7.0/toolchain/arm/arm-gnu-toolchain/bin/../lib/gcc/arm-none-eabi/6.3.1/../../../../arm-none-eabi/lib/thumb/v7e-m\libc.a(lib_a-atexit.o)
 .debug_frame   0x0000176c       0x88 c:/program files (x86)/atmel/studio/7.0/toolchain/arm/arm-gnu-toolchain/bin/../lib/gcc/arm-none-eabi/6.3.1/../../../../arm-none-eabi/lib/thumb/v7e-m\libc.a(lib_a-dtoa.o)
 .debug_frame   0x000017f4       0x34 c:/program files (x86)/atmel/studio/7.0/toolchain/arm/arm-gnu-toolchain/bin/../lib/gcc/arm-none-eabi/6.3.1/../../../../arm-none-eabi/lib/thumb/v7e-m\libc.a(lib_a-fini.o)
 .debug_frame   0x00001828       0x40 c:/program files (x86)/atmel/studio/7.0/toolchain/arm/arm-gnu-toolchain/bin/../lib/gcc/arm-none-eabi/6.3.1/../../../../arm-none-eabi/lib/thumb/v7e-m\libc.a(lib_a-localeconv.o)
 .debug_frame   0x00001868       0xb0 c:/program files (x86)/atmel/studio/7.0/toolchain/arm/arm-gnu-toolchain/bin/../lib/gcc/arm-none-eabi/6.3.1/../../../../arm-none-eabi/lib/thumb/v7e-m\libc.a(lib_a-lock.o)
 .debug_frame   0x00001918       0x58 c:/program files (x86)/atmel/studio/7.0/toolchain/arm/arm-gnu-toolchain/bin/../lib/gcc/arm-none-eabi/6.3.1/../../../../arm-none-eabi/lib/thumb/v7e-m\libc.a(lib_a-mallocr.o)
 .debug_frame   0x00001970       0x30 c:/program files (x86)/atmel/studio/7.0/toolchain/arm/arm-gnu-toolchain/bin/../lib/gcc/arm-none-eabi/6.3.1/../../../../arm-none-eabi/lib/thumb/v7e-m\libc.a(lib_a-mlock.o)
 .debug_frame   0x000019a0      0x25c c:/program files (x86)/atmel/studio/7.0/toolchain/arm/arm-gnu-toolchain/bin/../lib/gcc/arm-none-eabi/6.3.1/../../../../arm-none-eabi/lib/thumb/v7e-m\libc.a(lib_a-mprec.o)
 .debug_frame   0x00001bfc       0x2c c:/program files (x86)/atmel/studio/7.0/toolchain/arm/arm-gnu-toolchain/bin/../lib/gcc/arm-none-eabi/6.3.1/../../../../arm-none-eabi/lib/thumb/v7e-m\libc.a(lib_a-sbrkr.o)
 .debug_frame   0x00001c28       0x78 c:/program files (x86)/atmel/studio/7.0/toolchain/arm/arm-gnu-toolchain/bin/../lib/gcc/arm-none-eabi/6.3.1/../../../../arm-none-eabi/lib/thumb/v7e-m\libc.a(lib_a-svfiprintf.o)
 .debug_frame   0x00001ca0       0x34 c:/program files (x86)/atmel/studio/7.0/toolchain/arm/arm-gnu-toolchain/bin/../lib/gcc/arm-none-eabi/6.3.1/../../../../arm-none-eabi/lib/thumb/v7e-m\libc.a(lib_a-__atexit.o)
 .debug_frame   0x00001cd4       0x28 c:/program files (x86)/atmel/studio/7.0/toolchain/arm/arm-gnu-toolchain/bin/../lib/gcc/arm-none-eabi/6.3.1/../../../../arm-none-eabi/lib/thumb/v7e-m\libc.a(lib_a-callocr.o)
 .debug_frame   0x00001cfc       0x74 c:/program files (x86)/atmel/studio/7.0/toolchain/arm/arm-gnu-toolchain/bin/../lib/gcc/arm-none-eabi/6.3.1/../../../../arm-none-eabi/lib/thumb/v7e-m\libc.a(lib_a-freer.o)
 .debug_frame   0x00001d70       0x6c c:/program files (x86)/atmel/studio/7.0/toolchain/arm/arm-gnu-toolchain/bin/../lib/gcc/arm-none-eabi/6.3.1/../../../../arm-none-eabi/lib/thumb/v7e-m\libc.a(lib_a-locale.o)
 .debug_frame   0x00001ddc       0x4c c:/program files (x86)/atmel/studio/7.0/toolchain/arm/arm-gnu-toolchain/bin/../lib/gcc/arm-none-eabi/6.3.1/../../../../arm-none-eabi/lib/thumb/v7e-m\libc.a(lib_a-mbtowc_r.o)
 .debug_frame   0x00001e28       0x30 c:/program files (x86)/atmel/studio/7.0/toolchain/arm/arm-gnu-toolchain/bin/../lib/gcc/arm-none-eabi/6.3.1/../../../../arm-none-eabi/lib/thumb/v7e-m\libc.a(lib_a-memmove.o)
 .debug_frame   0x00001e58       0x68 c:/program files (x86)/atmel/studio/7.0/toolchain/arm/arm-gnu-toolchain/bin/../lib/gcc/arm-none-eabi/6.3.1/../../../../arm-none-eabi/lib/thumb/v7e-m\libc.a(lib_a-reallocr.o)
 .debug_frame   0x00001ec0       0x58 c:/program files (x86)/atmel/studio/7.0/toolchain/arm/arm-gnu-toolchain/bin/../lib/gcc/arm-none-eabi/6.3.1/../../../../arm-none-eabi/lib/thumb/v7e-m\libc.a(lib_a-reent.o)
 .debug_frame   0x00001f18       0x3c c:/program files (x86)/atmel/studio/7.0/toolchain/arm/arm-gnu-toolchain/bin/../lib/gcc/arm-none-eabi/6.3.1/../../../../arm-none-eabi/lib/thumb/v7e-m\libc.a(lib_a-wctomb_r.o)
 .debug_frame   0x00001f54       0xc4 c:/program files (x86)/atmel/studio/7.0/toolchain/arm/arm-gnu-toolchain/bin/../lib/gcc/arm-none-eabi/6.3.1/thumb/v7e-m\libgcc.a(_arm_cmpdf2.o)
 .debug_frame   0x00002018       0x20 c:/program files (x86)/atmel/studio/7.0/toolchain/arm/arm-gnu-toolchain/bin/../lib/gcc/arm-none-eabi/6.3.1/thumb/v7e-m\libgcc.a(_arm_unorddf2.o)
 .debug_frame   0x00002038       0x24 c:/program files (x86)/atmel/studio/7.0/toolchain/arm/arm-gnu-toolchain/bin/../lib/gcc/arm-none-eabi/6.3.1/thumb/v7e-m\libgcc.a(_arm_fixdfsi.o)
 .debug_frame   0x0000205c       0x2c c:/program files (x86)/atmel/studio/7.0/toolchain/arm/arm-gnu-toolchain/bin/../lib/gcc/arm-none-eabi/6.3.1/thumb/v7e-m\libgcc.a(_aeabi_uldivmod.o)
 .debug_frame   0x00002088       0x34 c:/program files (x86)/atmel/studio/7.0/toolchain/arm/arm-gnu-toolchain/bin/../lib/gcc/arm-none-eabi/6.3.1/thumb/v7e-m\libgcc.a(_udivmoddi4.o)

Cross Reference Table

Symbol                                            File
ACC_Handler                                       src/ASF/sam/utils/cmsis/same70/source/templates/gcc/startup_same70.o